Archive member included to satisfy reference by file (symbol)

C:/ST/STM32CubeIDE_1.14.0/STM32CubeIDE/plugins/com.st.stm32cube.ide.mcu.externaltools.gnu-tools-for-stm32.11.3.rel1.win32_1.1.100.202309141235/tools/bin/../lib/gcc/arm-none-eabi/11.3.1/../../../../arm-none-eabi/lib/thumb/v8-m.main+fp/hard\libc_nano.a(libc_a-atoi.o)
                              ./Middlewares/Third_Party/LwIP/src/core/netif.o (atoi)
C:/ST/STM32CubeIDE_1.14.0/STM32CubeIDE/plugins/com.st.stm32cube.ide.mcu.externaltools.gnu-tools-for-stm32.11.3.rel1.win32_1.1.100.202309141235/tools/bin/../lib/gcc/arm-none-eabi/11.3.1/../../../../arm-none-eabi/lib/thumb/v8-m.main+fp/hard\libc_nano.a(libc_a-exit.o)
                              C:/ST/STM32CubeIDE_1.14.0/STM32CubeIDE/plugins/com.st.stm32cube.ide.mcu.externaltools.gnu-tools-for-stm32.11.3.rel1.win32_1.1.100.202309141235/tools/bin/../lib/gcc/arm-none-eabi/11.3.1/../../../../arm-none-eabi/lib/thumb/v8-m.main+fp/hard/crt0.o (exit)
C:/ST/STM32CubeIDE_1.14.0/STM32CubeIDE/plugins/com.st.stm32cube.ide.mcu.externaltools.gnu-tools-for-stm32.11.3.rel1.win32_1.1.100.202309141235/tools/bin/../lib/gcc/arm-none-eabi/11.3.1/../../../../arm-none-eabi/lib/thumb/v8-m.main+fp/hard\libc_nano.a(libc_a-rand.o)
                              ./Middlewares/Third_Party/LwIP/src/core/tcp.o (rand)
C:/ST/STM32CubeIDE_1.14.0/STM32CubeIDE/plugins/com.st.stm32cube.ide.mcu.externaltools.gnu-tools-for-stm32.11.3.rel1.win32_1.1.100.202309141235/tools/bin/../lib/gcc/arm-none-eabi/11.3.1/../../../../arm-none-eabi/lib/thumb/v8-m.main+fp/hard\libc_nano.a(libc_a-strtol.o)
                              C:/ST/STM32CubeIDE_1.14.0/STM32CubeIDE/plugins/com.st.stm32cube.ide.mcu.externaltools.gnu-tools-for-stm32.11.3.rel1.win32_1.1.100.202309141235/tools/bin/../lib/gcc/arm-none-eabi/11.3.1/../../../../arm-none-eabi/lib/thumb/v8-m.main+fp/hard\libc_nano.a(libc_a-atoi.o) (_strtol_r)
C:/ST/STM32CubeIDE_1.14.0/STM32CubeIDE/plugins/com.st.stm32cube.ide.mcu.externaltools.gnu-tools-for-stm32.11.3.rel1.win32_1.1.100.202309141235/tools/bin/../lib/gcc/arm-none-eabi/11.3.1/../../../../arm-none-eabi/lib/thumb/v8-m.main+fp/hard\libc_nano.a(libc_a-ctype_.o)
                              ./Middlewares/Third_Party/LwIP/src/core/ipv4/ip4_addr.o (_ctype_)
C:/ST/STM32CubeIDE_1.14.0/STM32CubeIDE/plugins/com.st.stm32cube.ide.mcu.externaltools.gnu-tools-for-stm32.11.3.rel1.win32_1.1.100.202309141235/tools/bin/../lib/gcc/arm-none-eabi/11.3.1/../../../../arm-none-eabi/lib/thumb/v8-m.main+fp/hard\libc_nano.a(libc_a-findfp.o)
                              C:/ST/STM32CubeIDE_1.14.0/STM32CubeIDE/plugins/com.st.stm32cube.ide.mcu.externaltools.gnu-tools-for-stm32.11.3.rel1.win32_1.1.100.202309141235/tools/bin/../lib/gcc/arm-none-eabi/11.3.1/../../../../arm-none-eabi/lib/thumb/v8-m.main+fp/hard\libc_nano.a(libc_a-exit.o) (__stdio_exit_handler)
C:/ST/STM32CubeIDE_1.14.0/STM32CubeIDE/plugins/com.st.stm32cube.ide.mcu.externaltools.gnu-tools-for-stm32.11.3.rel1.win32_1.1.100.202309141235/tools/bin/../lib/gcc/arm-none-eabi/11.3.1/../../../../arm-none-eabi/lib/thumb/v8-m.main+fp/hard\libc_nano.a(libc_a-fwalk.o)
                              C:/ST/STM32CubeIDE_1.14.0/STM32CubeIDE/plugins/com.st.stm32cube.ide.mcu.externaltools.gnu-tools-for-stm32.11.3.rel1.win32_1.1.100.202309141235/tools/bin/../lib/gcc/arm-none-eabi/11.3.1/../../../../arm-none-eabi/lib/thumb/v8-m.main+fp/hard\libc_nano.a(libc_a-findfp.o) (_fwalk_sglue)
C:/ST/STM32CubeIDE_1.14.0/STM32CubeIDE/plugins/com.st.stm32cube.ide.mcu.externaltools.gnu-tools-for-stm32.11.3.rel1.win32_1.1.100.202309141235/tools/bin/../lib/gcc/arm-none-eabi/11.3.1/../../../../arm-none-eabi/lib/thumb/v8-m.main+fp/hard\libc_nano.a(libc_a-printf.o)
                              ./Core/Src/app_freertos.o (printf)
C:/ST/STM32CubeIDE_1.14.0/STM32CubeIDE/plugins/com.st.stm32cube.ide.mcu.externaltools.gnu-tools-for-stm32.11.3.rel1.win32_1.1.100.202309141235/tools/bin/../lib/gcc/arm-none-eabi/11.3.1/../../../../arm-none-eabi/lib/thumb/v8-m.main+fp/hard\libc_nano.a(libc_a-stdio.o)
                              C:/ST/STM32CubeIDE_1.14.0/STM32CubeIDE/plugins/com.st.stm32cube.ide.mcu.externaltools.gnu-tools-for-stm32.11.3.rel1.win32_1.1.100.202309141235/tools/bin/../lib/gcc/arm-none-eabi/11.3.1/../../../../arm-none-eabi/lib/thumb/v8-m.main+fp/hard\libc_nano.a(libc_a-findfp.o) (__sread)
C:/ST/STM32CubeIDE_1.14.0/STM32CubeIDE/plugins/com.st.stm32cube.ide.mcu.externaltools.gnu-tools-for-stm32.11.3.rel1.win32_1.1.100.202309141235/tools/bin/../lib/gcc/arm-none-eabi/11.3.1/../../../../arm-none-eabi/lib/thumb/v8-m.main+fp/hard\libc_nano.a(libc_a-memcmp.o)
                              ./Middlewares/Third_Party/LwIP/src/netif/bridgeif_fdb.o (memcmp)
C:/ST/STM32CubeIDE_1.14.0/STM32CubeIDE/plugins/com.st.stm32cube.ide.mcu.externaltools.gnu-tools-for-stm32.11.3.rel1.win32_1.1.100.202309141235/tools/bin/../lib/gcc/arm-none-eabi/11.3.1/../../../../arm-none-eabi/lib/thumb/v8-m.main+fp/hard\libc_nano.a(libc_a-memmove.o)
[...]
Memory Configuration

Name             Origin             Length             Attributes
RAM              0x0000000020000000 0x00000000000a0000 xrw
FLASH            0x0000000008000000 0x0000000000200000 xr
*default*        0x0000000000000000 0xffffffffffffffff

Linker script and memory map

LOAD C:/ST/STM32CubeIDE_1.14.0/STM32CubeIDE/plugins/com.st.stm32cube.ide.mcu.externaltools.gnu-tools-for-stm32.11.3.rel1.win32_1.1.100.202309141235/tools/bin/../lib/gcc/arm-none-eabi/11.3.1/thumb/v8-m.main+fp/hard/crti.o
LOAD C:/ST/STM32CubeIDE_1.14.0/STM32CubeIDE/plugins/com.st.stm32cube.ide.mcu.externaltools.gnu-tools-for-stm32.11.3.rel1.win32_1.1.100.202309141235/tools/bin/../lib/gcc/arm-none-eabi/11.3.1/thumb/v8-m.main+fp/hard/crtbegin.o
LOAD C:/ST/STM32CubeIDE_1.14.0/STM32CubeIDE/plugins/com.st.stm32cube.ide.mcu.externaltools.gnu-tools-for-stm32.11.3.rel1.win32_1.1.100.202309141235/tools/bin/../lib/gcc/arm-none-eabi/11.3.1/../../../../arm-none-eabi/lib/thumb/v8-m.main+fp/hard/crt0.o
LOAD ./Core/Src/app_freertos.o
LOAD ./Core/Src/ethernetif.o
LOAD ./Core/Src/lwip.o
LOAD ./Core/Src/main.o
LOAD ./Core/Src/stm32h5xx_hal_msp.o
LOAD ./Core/Src/stm32h5xx_hal_timebase_tim.o
LOAD ./Core/Src/stm32h5xx_it.o
LOAD ./Core/Src/syscalls.o
LOAD ./Core/Src/sysmem.o
LOAD ./Core/Src/system_stm32h5xx.o
LOAD ./Core/Src/tcp_echo.o
LOAD ./Core/Startup/startup_stm32h563zitx.o
LOAD ./Drivers/BSP/lan8742/lan8742.o
LOAD ./Drivers/STM32H5xx_HAL_Driver/Src/stm32h5xx_hal.o
LOAD ./Drivers/STM32H5xx_HAL_Driver/Src/stm32h5xx_hal_cortex.o
LOAD ./Drivers/STM32H5xx_HAL_Driver/Src/stm32h5xx_hal_dma.o
LOAD ./Drivers/STM32H5xx_HAL_Driver/Src/stm32h5xx_hal_dma_ex.o
LOAD ./Drivers/STM32H5xx_HAL_Driver/Src/stm32h5xx_hal_eth.o
LOAD ./Drivers/STM32H5xx_HAL_Driver/Src/stm32h5xx_hal_eth_ex.o
LOAD ./Drivers/STM32H5xx_HAL_Driver/Src/stm32h5xx_hal_exti.o
LOAD ./Drivers/STM32H5xx_HAL_Driver/Src/stm32h5xx_hal_flash.o
LOAD ./Drivers/STM32H5xx_HAL_Driver/Src/stm32h5xx_hal_flash_ex.o
LOAD ./Drivers/STM32H5xx_HAL_Driver/Src/stm32h5xx_hal_gpio.o
LOAD ./Drivers/STM32H5xx_HAL_Driver/Src/stm32h5xx_hal_icache.o
LOAD ./Drivers/STM32H5xx_HAL_Driver/Src/stm32h5xx_hal_pwr.o
LOAD ./Drivers/STM32H5xx_HAL_Driver/Src/stm32h5xx_hal_pwr_ex.o
LOAD ./Drivers/STM32H5xx_HAL_Driver/Src/stm32h5xx_hal_rcc.o
LOAD ./Drivers/STM32H5xx_HAL_Driver/Src/stm32h5xx_hal_rcc_ex.o
LOAD ./Drivers/STM32H5xx_HAL_Driver/Src/stm32h5xx_hal_tim.o
LOAD ./Drivers/STM32H5xx_HAL_Driver/Src/stm32h5xx_hal_tim_ex.o
LOAD ./Drivers/STM32H5xx_HAL_Driver/Src/stm32h5xx_hal_uart.o
LOAD ./Drivers/STM32H5xx_HAL_Driver/Src/stm32h5xx_hal_uart_ex.o
LOAD ./Middlewares/Third_Party/FreeRTOS/Source/CMSIS_RTOS_V2/cmsis_os2.o
LOAD ./Middlewares/Third_Party/FreeRTOS/Source/croutine.o
LOAD ./Middlewares/Third_Party/FreeRTOS/Source/event_groups.o
LOAD ./Middlewares/Third_Party/FreeRTOS/Source/list.o
LOAD ./Middlewares/Third_Party/FreeRTOS/Source/queue.o
LOAD ./Middlewares/Third_Party/FreeRTOS/Source/stream_buffer.o
LOAD ./Middlewares/Third_Party/FreeRTOS/Source/tasks.o
LOAD ./Middlewares/Third_Party/FreeRTOS/Source/timers.o
LOAD ./Middlewares/Third_Party/FreeRTOS/Source/portable/GCC/ARM_CM33_NTZ/non_secure/port.o
LOAD ./Middlewares/Third_Party/FreeRTOS/Source/portable/GCC/ARM_CM33_NTZ/non_secure/portasm.o
LOAD ./Middlewares/Third_Party/FreeRTOS/Source/portable/MemMang/heap_4.o
LOAD ./Middlewares/Third_Party/LwIP/src/api/api_lib.o
LOAD ./Middlewares/Third_Party/LwIP/src/api/api_msg.o
LOAD ./Middlewares/Third_Party/LwIP/src/api/err.o
LOAD ./Middlewares/Third_Party/LwIP/src/api/if_api.o
LOAD ./Middlewares/Third_Party/LwIP/src/api/netbuf.o
LOAD ./Middlewares/Third_Party/LwIP/src/api/netdb.o
LOAD ./Middlewares/Third_Party/LwIP/src/api/netifapi.o
LOAD ./Middlewares/Third_Party/LwIP/src/api/sockets.o
LOAD ./Middlewares/Third_Party/LwIP/src/api/tcpip.o
LOAD ./Middlewares/Third_Party/LwIP/src/apps/mqtt/mqtt.o
LOAD ./Middlewares/Third_Party/LwIP/src/core/altcp.o
LOAD ./Middlewares/Third_Party/LwIP/src/core/altcp_alloc.o
LOAD ./Middlewares/Third_Party/LwIP/src/core/altcp_tcp.o
LOAD ./Middlewares/Third_Party/LwIP/src/core/def.o
LOAD ./Middlewares/Third_Party/LwIP/src/core/dns.o
LOAD ./Middlewares/Third_Party/LwIP/src/core/inet_chksum.o
LOAD ./Middlewares/Third_Party/LwIP/src/core/init.o
LOAD ./Middlewares/Third_Party/LwIP/src/core/ip.o
LOAD ./Middlewares/Third_Party/LwIP/src/core/mem.o
LOAD ./Middlewares/Third_Party/LwIP/src/core/memp.o
LOAD ./Middlewares/Third_Party/LwIP/src/core/netif.o
LOAD ./Middlewares/Third_Party/LwIP/src/core/pbuf.o
LOAD ./Middlewares/Third_Party/LwIP/src/core/raw.o
LOAD ./Middlewares/Third_Party/LwIP/src/core/stats.o
LOAD ./Middlewares/Third_Party/LwIP/src/core/sys.o
LOAD ./Middlewares/Third_Party/LwIP/src/core/tcp.o
LOAD ./Middlewares/Third_Party/LwIP/src/core/tcp_in.o
LOAD ./Middlewares/Third_Party/LwIP/src/core/tcp_out.o
LOAD ./Middlewares/Third_Party/LwIP/src/core/timeouts.o
LOAD ./Middlewares/Third_Party/LwIP/src/core/udp.o
LOAD ./Middlewares/Third_Party/LwIP/src/core/ipv4/autoip.o
LOAD ./Middlewares/Third_Party/LwIP/src/core/ipv4/dhcp.o
LOAD ./Middlewares/Third_Party/LwIP/src/core/ipv4/etharp.o
LOAD ./Middlewares/Third_Party/LwIP/src/core/ipv4/icmp.o
LOAD ./Middlewares/Third_Party/LwIP/src/core/ipv4/igmp.o
LOAD ./Middlewares/Third_Party/LwIP/src/core/ipv4/ip4.o
LOAD ./Middlewares/Third_Party/LwIP/src/core/ipv4/ip4_addr.o
LOAD ./Middlewares/Third_Party/LwIP/src/core/ipv4/ip4_frag.o
LOAD ./Middlewares/Third_Party/LwIP/src/core/ipv6/dhcp6.o
LOAD ./Middlewares/Third_Party/LwIP/src/core/ipv6/ethip6.o
LOAD ./Middlewares/Third_Party/LwIP/src/core/ipv6/icmp6.o
LOAD ./Middlewares/Third_Party/LwIP/src/core/ipv6/inet6.o
LOAD ./Middlewares/Third_Party/LwIP/src/core/ipv6/ip6.o
LOAD ./Middlewares/Third_Party/LwIP/src/core/ipv6/ip6_addr.o
LOAD ./Middlewares/Third_Party/LwIP/src/core/ipv6/ip6_frag.o
LOAD ./Middlewares/Third_Party/LwIP/src/core/ipv6/mld6.o
LOAD ./Middlewares/Third_Party/LwIP/src/core/ipv6/nd6.o
LOAD ./Middlewares/Third_Party/LwIP/src/netif/bridgeif.o
LOAD ./Middlewares/Third_Party/LwIP/src/netif/bridgeif_fdb.o
LOAD ./Middlewares/Third_Party/LwIP/src/netif/ethernet.o
LOAD ./Middlewares/Third_Party/LwIP/src/netif/lowpan6.o
LOAD ./Middlewares/Third_Party/LwIP/src/netif/lowpan6_ble.o
LOAD ./Middlewares/Third_Party/LwIP/src/netif/lowpan6_common.o
LOAD ./Middlewares/Third_Party/LwIP/src/netif/slipif.o
LOAD ./Middlewares/Third_Party/LwIP/src/netif/zepif.o
LOAD ./Middlewares/Third_Party/LwIP/src/netif/ppp/auth.o
LOAD ./Middlewares/Third_Party/LwIP/src/netif/ppp/ccp.o
LOAD ./Middlewares/Third_Party/LwIP/src/netif/ppp/chap-md5.o
LOAD ./Middlewares/Third_Party/LwIP/src/netif/ppp/chap-new.o
LOAD ./Middlewares/Third_Party/LwIP/src/netif/ppp/chap_ms.o
LOAD ./Middlewares/Third_Party/LwIP/src/netif/ppp/demand.o
LOAD ./Middlewares/Third_Party/LwIP/src/netif/ppp/eap.o
LOAD ./Middlewares/Third_Party/LwIP/src/netif/ppp/ecp.o
LOAD ./Middlewares/Third_Party/LwIP/src/netif/ppp/eui64.o
LOAD ./Middlewares/Third_Party/LwIP/src/netif/ppp/fsm.o
LOAD ./Middlewares/Third_Party/LwIP/src/netif/ppp/ipcp.o
LOAD ./Middlewares/Third_Party/LwIP/src/netif/ppp/ipv6cp.o
LOAD ./Middlewares/Third_Party/LwIP/src/netif/ppp/lcp.o
LOAD ./Middlewares/Third_Party/LwIP/src/netif/ppp/magic.o
LOAD ./Middlewares/Third_Party/LwIP/src/netif/ppp/mppe.o
LOAD ./Middlewares/Third_Party/LwIP/src/netif/ppp/multilink.o
LOAD ./Middlewares/Third_Party/LwIP/src/netif/ppp/ppp.o
LOAD ./Middlewares/Third_Party/LwIP/src/netif/ppp/pppapi.o
LOAD ./Middlewares/Third_Party/LwIP/src/netif/ppp/pppcrypt.o
LOAD ./Middlewares/Third_Party/LwIP/src/netif/ppp/pppoe.o
LOAD ./Middlewares/Third_Party/LwIP/src/netif/ppp/pppol2tp.o
LOAD ./Middlewares/Third_Party/LwIP/src/netif/ppp/pppos.o
LOAD ./Middlewares/Third_Party/LwIP/src/netif/ppp/upap.o
LOAD ./Middlewares/Third_Party/LwIP/src/netif/ppp/utils.o
LOAD ./Middlewares/Third_Party/LwIP/src/netif/ppp/vj.o
LOAD ./Middlewares/Third_Party/LwIP/src/netif/ppp/polarssl/arc4.o
LOAD ./Middlewares/Third_Party/LwIP/src/netif/ppp/polarssl/des.o
LOAD ./Middlewares/Third_Party/LwIP/src/netif/ppp/polarssl/md4.o
LOAD ./Middlewares/Third_Party/LwIP/src/netif/ppp/polarssl/md5.o
LOAD ./Middlewares/Third_Party/LwIP/src/netif/ppp/polarssl/sha1.o
LOAD ./Middlewares/Third_Party/LwIP/system/OS/sys_arch.o
START GROUP
LOAD C:/ST/STM32CubeIDE_1.14.0/STM32CubeIDE/plugins/com.st.stm32cube.ide.mcu.externaltools.gnu-tools-for-stm32.11.3.rel1.win32_1.1.100.202309141235/tools/bin/../lib/gcc/arm-none-eabi/11.3.1/../../../../arm-none-eabi/lib/thumb/v8-m.main+fp/hard\libc_nano.a
LOAD C:/ST/STM32CubeIDE_1.14.0/STM32CubeIDE/plugins/com.st.stm32cube.ide.mcu.externaltools.gnu-tools-for-stm32.11.3.rel1.win32_1.1.100.202309141235/tools/bin/../lib/gcc/arm-none-eabi/11.3.1/../../../../arm-none-eabi/lib/thumb/v8-m.main+fp/hard\libm.a
END GROUP
START GROUP
LOAD C:/ST/STM32CubeIDE_1.14.0/STM32CubeIDE/plugins/com.st.stm32cube.ide.mcu.externaltools.gnu-tools-for-stm32.11.3.rel1.win32_1.1.100.202309141235/tools/bin/../lib/gcc/arm-none-eabi/11.3.1/thumb/v8-m.main+fp/hard\libgcc.a
LOAD C:/ST/STM32CubeIDE_1.14.0/STM32CubeIDE/plugins/com.st.stm32cube.ide.mcu.externaltools.gnu-tools-for-stm32.11.3.rel1.win32_1.1.100.202309141235/tools/bin/../lib/gcc/arm-none-eabi/11.3.1/../../../../arm-none-eabi/lib/thumb/v8-m.main+fp/hard\libc_nano.a
END GROUP
START GROUP
LOAD C:/ST/STM32CubeIDE_1.14.0/STM32CubeIDE/plugins/com.st.stm32cube.ide.mcu.externaltools.gnu-tools-for-stm32.11.3.rel1.win32_1.1.100.202309141235/tools/bin/../lib/gcc/arm-none-eabi/11.3.1/thumb/v8-m.main+fp/hard\libgcc.a
LOAD C:/ST/STM32CubeIDE_1.14.0/STM32CubeIDE/plugins/com.st.stm32cube.ide.mcu.externaltools.gnu-tools-for-stm32.11.3.rel1.win32_1.1.100.202309141235/tools/bin/../lib/gcc/arm-none-eabi/11.3.1/../../../../arm-none-eabi/lib/thumb/v8-m.main+fp/hard\libc_nano.a
LOAD C:/ST/STM32CubeIDE_1.14.0/STM32CubeIDE/plugins/com.st.stm32cube.ide.mcu.externaltools.gnu-tools-for-stm32.11.3.rel1.win32_1.1.100.202309141235/tools/bin/../lib/gcc/arm-none-eabi/11.3.1/../../../../arm-none-eabi/lib/thumb/v8-m.main+fp/hard\libnosys.a
END GROUP
START GROUP
LOAD C:/ST/STM32CubeIDE_1.14.0/STM32CubeIDE/plugins/com.st.stm32cube.ide.mcu.externaltools.gnu-tools-for-stm32.11.3.rel1.win32_1.1.100.202309141235/tools/bin/../lib/gcc/arm-none-eabi/11.3.1/thumb/v8-m.main+fp/hard\libgcc.a
LOAD C:/ST/STM32CubeIDE_1.14.0/STM32CubeIDE/plugins/com.st.stm32cube.ide.mcu.externaltools.gnu-tools-for-stm32.11.3.rel1.win32_1.1.100.202309141235/tools/bin/../lib/gcc/arm-none-eabi/11.3.1/../../../../arm-none-eabi/lib/thumb/v8-m.main+fp/hard\libc_nano.a
LOAD C:/ST/STM32CubeIDE_1.14.0/STM32CubeIDE/plugins/com.st.stm32cube.ide.mcu.externaltools.gnu-tools-for-stm32.11.3.rel1.win32_1.1.100.202309141235/tools/bin/../lib/gcc/arm-none-eabi/11.3.1/../../../../arm-none-eabi/lib/thumb/v8-m.main+fp/hard\libnosys.a
END GROUP
LOAD C:/ST/STM32CubeIDE_1.14.0/STM32CubeIDE/plugins/com.st.stm32cube.ide.mcu.externaltools.gnu-tools-for-stm32.11.3.rel1.win32_1.1.100.202309141235/tools/bin/../lib/gcc/arm-none-eabi/11.3.1/thumb/v8-m.main+fp/hard/crtend.o
LOAD C:/ST/STM32CubeIDE_1.14.0/STM32CubeIDE/plugins/com.st.stm32cube.ide.mcu.externaltools.gnu-tools-for-stm32.11.3.rel1.win32_1.1.100.202309141235/tools/bin/../lib/gcc/arm-none-eabi/11.3.1/thumb/v8-m.main+fp/hard/crtn.o
                0x00000000200a0000                _estack = (ORIGIN (RAM) + LENGTH (RAM))
                0x0000000000000400                _Min_Heap_Size = 0x400
                0x0000000000000800                _Min_Stack_Size = 0x800

.isr_vector     0x0000000008000000      0x24c
                0x0000000008000000                . = ALIGN (0x4)
 *(.isr_vector)
 .isr_vector    0x0000000008000000      0x24c ./Core/Startup/startup_stm32h563zitx.o
                0x0000000008000000                g_pfnVectors
                0x000000000800024c                . = ALIGN (0x4)

.text           0x0000000008000250    0x1d488
                0x0000000008000250                . = ALIGN (0x4)
 *(.text)
 .text          0x0000000008000250       0x40 C:/ST/STM32CubeIDE_1.14.0/STM32CubeIDE/plugins/com.st.stm32cube.ide.mcu.externaltools.gnu-tools-for-stm32.11.3.rel1.win32_1.1.100.202309141235/tools/bin/../lib/gcc/arm-none-eabi/11.3.1/thumb/v8-m.main+fp/hard/crtbegin.o
 .text          0x0000000008000290       0x30 C:/ST/STM32CubeIDE_1.14.0/STM32CubeIDE/plugins/com.st.stm32cube.ide.mcu.externaltools.gnu-tools-for-stm32.11.3.rel1.win32_1.1.100.202309141235/tools/bin/../lib/gcc/arm-none-eabi/11.3.1/thumb/v8-m.main+fp/hard\libgcc.a(_aeabi_uldivmod.o)
                0x0000000008000290                __aeabi_uldivmod
 .text          0x00000000080002c0      0x2ec C:/ST/STM32CubeIDE_1.14.0/STM32CubeIDE/plugins/com.st.stm32cube.ide.mcu.externaltools.gnu-tools-for-stm32.11.3.rel1.win32_1.1.100.202309141235/tools/bin/../lib/gcc/arm-none-eabi/11.3.1/thumb/v8-m.main+fp/hard\libgcc.a(_udivmoddi4.o)
                0x00000000080002c0                __udivmoddi4
 .text          0x00000000080005ac        0x4 C:/ST/STM32CubeIDE_1.14.0/STM32CubeIDE/plugins/com.st.stm32cube.ide.mcu.externaltools.gnu-tools-for-stm32.11.3.rel1.win32_1.1.100.202309141235/tools/bin/../lib/gcc/arm-none-eabi/11.3.1/thumb/v8-m.main+fp/hard\libgcc.a(_dvmd_tls.o)
                0x00000000080005ac                __aeabi_idiv0
                0x00000000080005ac                __aeabi_ldiv0
 *(.text*)
 .text.vApplicationStackOverflowHook
                0x00000000080005b0       0x20 ./Core/Src/app_freertos.o
                0x00000000080005b0                vApplicationStackOverflowHook
 .text.MX_FREERTOS_Init
                0x00000000080005d0       0x24 ./Core/Src/app_freertos.o
                0x00000000080005d0                MX_FREERTOS_Init
 .text.StartDefaultTask
                0x00000000080005f4       0x3c ./Core/Src/app_freertos.o
                0x00000000080005f4                StartDefaultTask
 .text.StartTcpClientTask
                0x0000000008000630      0x18c ./Core/Src/app_freertos.o
                0x0000000008000630                StartTcpClientTask
 .text.vApplicationGetIdleTaskMemory
                0x00000000080007bc       0x34 ./Core/Src/app_freertos.o
                0x00000000080007bc                vApplicationGetIdleTaskMemory
 .text.HAL_ETH_RxCpltCallback
                0x00000000080007f0       0x20 ./Core/Src/ethernetif.o
                0x00000000080007f0                HAL_ETH_RxCpltCallback
 .text.HAL_ETH_TxCpltCallback
                0x0000000008000810       0x20 ./Core/Src/ethernetif.o
                0x0000000008000810                HAL_ETH_TxCpltCallback
 .text.HAL_ETH_ErrorCallback
                0x0000000008000830       0x30 ./Core/Src/ethernetif.o
                0x0000000008000830                HAL_ETH_ErrorCallback
 .text.low_level_init
                0x0000000008000860      0x270 ./Core/Src/ethernetif.o
 .text.low_level_output
                0x0000000008000ad0      0x128 ./Core/Src/ethernetif.o
 .text.low_level_input
                0x0000000008000bf8       0x34 ./Core/Src/ethernetif.o
 .text.ethernetif_input
                0x0000000008000c2c       0x54 ./Core/Src/ethernetif.o
                0x0000000008000c2c                ethernetif_input
 .text.ethernetif_init
                0x0000000008000c80       0x5c ./Core/Src/ethernetif.o
                0x0000000008000c80                ethernetif_init
 .text.pbuf_free_custom
                0x0000000008000cdc       0x40 ./Core/Src/ethernetif.o
                0x0000000008000cdc                pbuf_free_custom
 .text.sys_now  0x0000000008000d1c        0xe ./Core/Src/ethernetif.o
                0x0000000008000d1c                sys_now
 *fill*         0x0000000008000d2a        0x2 
 .text.HAL_ETH_MspInit
                0x0000000008000d2c      0x1bc ./Core/Src/ethernetif.o
                0x0000000008000d2c                HAL_ETH_MspInit
 .text.ETH_PHY_IO_Init
                0x0000000008000ee8       0x14 ./Core/Src/ethernetif.o
                0x0000000008000ee8                ETH_PHY_IO_Init
 .text.ETH_PHY_IO_DeInit
                0x0000000008000efc       0x10 ./Core/Src/ethernetif.o
                0x0000000008000efc                ETH_PHY_IO_DeInit
 .text.ETH_PHY_IO_ReadReg
                0x0000000008000f0c       0x34 ./Core/Src/ethernetif.o
                0x0000000008000f0c                ETH_PHY_IO_ReadReg
 .text.ETH_PHY_IO_WriteReg
                0x0000000008000f40       0x34 ./Core/Src/ethernetif.o
                0x0000000008000f40                ETH_PHY_IO_WriteReg
 .text.ETH_PHY_IO_GetTick
                0x0000000008000f74        0xe ./Core/Src/ethernetif.o
                0x0000000008000f74                ETH_PHY_IO_GetTick
 *fill*         0x0000000008000f82        0x2 
 .text.ethernet_link_thread
                0x0000000008000f84      0x11c ./Core/Src/ethernetif.o
                0x0000000008000f84                ethernet_link_thread
 .text.HAL_ETH_RxAllocateCallback
                0x00000000080010a0       0x60 ./Core/Src/ethernetif.o
                0x00000000080010a0                HAL_ETH_RxAllocateCallback
 .text.HAL_ETH_RxLinkCallback
                0x0000000008001100       0x80 ./Core/Src/ethernetif.o
                0x0000000008001100                HAL_ETH_RxLinkCallback
 .text.HAL_ETH_TxFreeCallback
                0x0000000008001180       0x16 ./Core/Src/ethernetif.o
                0x0000000008001180                HAL_ETH_TxFreeCallback
 *fill*         0x0000000008001196        0x2 
 .text.MX_LWIP_Init
                0x0000000008001198      0x29c ./Core/Src/lwip.o
                0x0000000008001198                MX_LWIP_Init
 .text.ethernet_link_status_updated
                0x0000000008001434       0x14 ./Core/Src/lwip.o
 .text.ITM_SendChar
                0x0000000008001448       0x4e ./Core/Src/main.o
 .text._write   0x0000000008001496       0x38 ./Core/Src/main.o
                0x0000000008001496                _write
 .text.main     0x00000000080014ce       0x2a ./Core/Src/main.o
                0x00000000080014ce                main
 .text.SystemClock_Config
                0x00000000080014f8       0xcc ./Core/Src/main.o
                0x00000000080014f8                SystemClock_Config
 .text.MX_ICACHE_Init
                0x00000000080015c4       0x16 ./Core/Src/main.o
 *fill*         0x00000000080015da        0x2 
 .text.MX_LPUART1_UART_Init
                0x00000000080015dc       0x94 ./Core/Src/main.o
 .text.MX_USART3_UART_Init
                0x0000000008001670       0xa4 ./Core/Src/main.o
 .text.MX_GPIO_Init
                0x0000000008001714      0x224 ./Core/Src/main.o
 .text.HAL_TIM_PeriodElapsedCallback
                0x0000000008001938       0x24 ./Core/Src/main.o
                0x0000000008001938                HAL_TIM_PeriodElapsedCallback
 .text.Error_Handler
                0x000000000800195c        0xa ./Core/Src/main.o
                0x000000000800195c                Error_Handler
 .text.HAL_MspInit
                0x0000000008001966       0x14 ./Core/Src/stm32h5xx_hal_msp.o
                0x0000000008001966                HAL_MspInit
 *fill*         0x000000000800197a        0x2 
 .text.HAL_UART_MspInit
                0x000000000800197c      0x1f4 ./Core/Src/stm32h5xx_hal_msp.o
                0x000000000800197c                HAL_UART_MspInit
 .text.HAL_InitTick
                0x0000000008001b70       0xd8 ./Core/Src/stm32h5xx_hal_timebase_tim.o
                0x0000000008001b70                HAL_InitTick
 .text.NMI_Handler
                0x0000000008001c48        0x6 ./Core/Src/stm32h5xx_it.o
                0x0000000008001c48                NMI_Handler
 .text.HardFault_Handler
                0x0000000008001c4e        0x6 ./Core/Src/stm32h5xx_it.o
                0x0000000008001c4e                HardFault_Handler
 .text.MemManage_Handler
                0x0000000008001c54        0x6 ./Core/Src/stm32h5xx_it.o
                0x0000000008001c54                MemManage_Handler
 .text.BusFault_Handler
                0x0000000008001c5a        0x6 ./Core/Src/stm32h5xx_it.o
                0x0000000008001c5a                BusFault_Handler
 .text.UsageFault_Handler
                0x0000000008001c60        0x6 ./Core/Src/stm32h5xx_it.o
                0x0000000008001c60                UsageFault_Handler
 .text.DebugMon_Handler
                0x0000000008001c66        0xe ./Core/Src/stm32h5xx_it.o
                0x0000000008001c66                DebugMon_Handler
 .text.TIM8_UP_IRQHandler
                0x0000000008001c74       0x14 ./Core/Src/stm32h5xx_it.o
                0x0000000008001c74                TIM8_UP_IRQHandler
 .text.ETH_IRQHandler
                0x0000000008001c88       0x14 ./Core/Src/stm32h5xx_it.o
                0x0000000008001c88                ETH_IRQHandler
 .text.ETH_WKUP_IRQHandler
                0x0000000008001c9c       0x14 ./Core/Src/stm32h5xx_it.o
                0x0000000008001c9c                ETH_WKUP_IRQHandler
 .text._getpid  0x0000000008001cb0       0x10 ./Core/Src/syscalls.o
                0x0000000008001cb0                _getpid
 .text._kill    0x0000000008001cc0       0x20 ./Core/Src/syscalls.o
                0x0000000008001cc0                _kill
 .text._exit    0x0000000008001ce0       0x14 ./Core/Src/syscalls.o
                0x0000000008001ce0                _exit
 .text._read    0x0000000008001cf4       0x3a ./Core/Src/syscalls.o
                0x0000000008001cf4                _read
 .text._close   0x0000000008001d2e       0x18 ./Core/Src/syscalls.o
                0x0000000008001d2e                _close
 .text._fstat   0x0000000008001d46       0x20 ./Core/Src/syscalls.o
                0x0000000008001d46                _fstat
 .text._isatty  0x0000000008001d66       0x16 ./Core/Src/syscalls.o
                0x0000000008001d66                _isatty
 .text._lseek   0x0000000008001d7c       0x1a ./Core/Src/syscalls.o
                0x0000000008001d7c                _lseek
 *fill*         0x0000000008001d96        0x2 
 .text._sbrk    0x0000000008001d98       0x6c ./Core/Src/sysmem.o
                0x0000000008001d98                _sbrk
 .text.SystemInit
                0x0000000008001e04       0xf8 ./Core/Src/system_stm32h5xx.o
                0x0000000008001e04                SystemInit
 .text.Reset_Handler
                0x0000000008001efc       0x50 ./Core/Startup/startup_stm32h563zitx.o
                0x0000000008001efc                Reset_Handler
 .text.Default_Handler
                0x0000000008001f4c        0x2 ./Core/Startup/startup_stm32h563zitx.o
                0x0000000008001f4c                EXTI2_IRQHandler
                0x0000000008001f4c                TIM8_TRG_COM_IRQHandler
                0x0000000008001f4c                TIM8_CC_IRQHandler
                0x0000000008001f4c                EXTI5_IRQHandler
                0x0000000008001f4c                I3C1_ER_IRQHandler
                0x0000000008001f4c                UART8_IRQHandler
                0x0000000008001f4c                SPI4_IRQHandler
                0x0000000008001f4c                GPDMA2_Channel1_IRQHandler
                0x0000000008001f4c                FLASH_S_IRQHandler
                0x0000000008001f4c                EXTI13_IRQHandler
                0x0000000008001f4c                TIM1_CC_IRQHandler
                0x0000000008001f4c                GPDMA2_Channel3_IRQHandler
                0x0000000008001f4c                TAMP_IRQHandler
                0x0000000008001f4c                TIM6_IRQHandler
                0x0000000008001f4c                EXTI12_IRQHandler
                0x0000000008001f4c                CORDIC_IRQHandler
                0x0000000008001f4c                USB_DRD_FS_IRQHandler
                0x0000000008001f4c                EXTI3_IRQHandler
                0x0000000008001f4c                LPTIM4_IRQHandler
                0x0000000008001f4c                GPDMA1_Channel5_IRQHandler
                0x0000000008001f4c                EXTI8_IRQHandler
                0x0000000008001f4c                GPDMA2_Channel5_IRQHandler
                0x0000000008001f4c                LPTIM2_IRQHandler
                0x0000000008001f4c                I2C3_ER_IRQHandler
                0x0000000008001f4c                GPDMA2_Channel2_IRQHandler
                0x0000000008001f4c                USART10_IRQHandler
                0x0000000008001f4c                LPTIM3_IRQHandler
                0x0000000008001f4c                EXTI0_IRQHandler
                0x0000000008001f4c                I2C2_EV_IRQHandler
                0x0000000008001f4c                FPU_IRQHandler
                0x0000000008001f4c                GPDMA1_Channel3_IRQHandler
                0x0000000008001f4c                GPDMA1_Channel7_IRQHandler
                0x0000000008001f4c                FDCAN1_IT1_IRQHandler
                0x0000000008001f4c                RAMCFG_IRQHandler
                0x0000000008001f4c                DCACHE1_IRQHandler
                0x0000000008001f4c                SPI1_IRQHandler
                0x0000000008001f4c                OCTOSPI1_IRQHandler
                0x0000000008001f4c                GPDMA1_Channel2_IRQHandler
                0x0000000008001f4c                RCC_S_IRQHandler
                0x0000000008001f4c                SAI2_IRQHandler
                0x0000000008001f4c                ADC1_IRQHandler
                0x0000000008001f4c                USART6_IRQHandler
                0x0000000008001f4c                EXTI15_IRQHandler
                0x0000000008001f4c                TIM17_IRQHandler
                0x0000000008001f4c                USART3_IRQHandler
                0x0000000008001f4c                RTC_IRQHandler
                0x0000000008001f4c                EXTI9_IRQHandler
                0x0000000008001f4c                LPTIM5_IRQHandler
                0x0000000008001f4c                UART5_IRQHandler
                0x0000000008001f4c                TIM4_IRQHandler
                0x0000000008001f4c                I2C1_EV_IRQHandler
                0x0000000008001f4c                GPDMA1_Channel1_IRQHandler
                0x0000000008001f4c                TIM16_IRQHandler
                0x0000000008001f4c                UART4_IRQHandler
                0x0000000008001f4c                SecureFault_Handler
                0x0000000008001f4c                TIM3_IRQHandler
                0x0000000008001f4c                RCC_IRQHandler
                0x0000000008001f4c                UART9_IRQHandler
                0x0000000008001f4c                TIM1_TRG_COM_IRQHandler
                0x0000000008001f4c                Default_Handler
                0x0000000008001f4c                FMAC_IRQHandler
                0x0000000008001f4c                CEC_IRQHandler
                0x0000000008001f4c                USART11_IRQHandler
                0x0000000008001f4c                TIM14_IRQHandler
                0x0000000008001f4c                TIM13_IRQHandler
                0x0000000008001f4c                GPDMA2_Channel4_IRQHandler
                0x0000000008001f4c                SPI5_IRQHandler
                0x0000000008001f4c                TIM12_IRQHandler
                0x0000000008001f4c                TIM7_IRQHandler
                0x0000000008001f4c                SDMMC1_IRQHandler
                0x0000000008001f4c                TIM5_IRQHandler
                0x0000000008001f4c                UCPD1_IRQHandler
                0x0000000008001f4c                GPDMA1_Channel0_IRQHandler
                0x0000000008001f4c                I3C1_EV_IRQHandler
                0x0000000008001f4c                TIM15_IRQHandler
                0x0000000008001f4c                PVD_AVD_IRQHandler
                0x0000000008001f4c                I2C3_EV_IRQHandler
                0x0000000008001f4c                ADC2_IRQHandler
                0x0000000008001f4c                SPI2_IRQHandler
                0x0000000008001f4c                EXTI14_IRQHandler
                0x0000000008001f4c                EXTI11_IRQHandler
                0x0000000008001f4c                CRS_IRQHandler
                0x0000000008001f4c                EXTI4_IRQHandler
                0x0000000008001f4c                GPDMA2_Channel0_IRQHandler
                0x0000000008001f4c                RTC_S_IRQHandler
                0x0000000008001f4c                RNG_IRQHandler
                0x0000000008001f4c                FDCAN2_IT1_IRQHandler
                0x0000000008001f4c                GPDMA2_Channel6_IRQHandler
                0x0000000008001f4c                TIM1_UP_IRQHandler
                0x0000000008001f4c                UART12_IRQHandler
                0x0000000008001f4c                WWDG_IRQHandler
                0x0000000008001f4c                SPI6_IRQHandler
                0x0000000008001f4c                I2C4_EV_IRQHandler
                0x0000000008001f4c                FDCAN2_IT0_IRQHandler
                0x0000000008001f4c                IWDG_IRQHandler
                0x0000000008001f4c                LPUART1_IRQHandler
                0x0000000008001f4c                FDCAN1_IT0_IRQHandler
                0x0000000008001f4c                TIM2_IRQHandler
                0x0000000008001f4c                GPDMA1_Channel4_IRQHandler
                0x0000000008001f4c                EXTI7_IRQHandler
                0x0000000008001f4c                TIM1_BRK_IRQHandler
                0x0000000008001f4c                EXTI1_IRQHandler
                0x0000000008001f4c                SDMMC2_IRQHandler
                0x0000000008001f4c                LPTIM6_IRQHandler
                0x0000000008001f4c                DAC1_IRQHandler
                0x0000000008001f4c                DTS_IRQHandler
                0x0000000008001f4c                UART7_IRQHandler
                0x0000000008001f4c                GTZC_IRQHandler
                0x0000000008001f4c                USART2_IRQHandler
                0x0000000008001f4c                GPDMA1_Channel6_IRQHandler
                0x0000000008001f4c                GPDMA2_Channel7_IRQHandler
                0x0000000008001f4c                I2C2_ER_IRQHandler
                0x0000000008001f4c                TIM8_BRK_IRQHandler
                0x0000000008001f4c                FLASH_IRQHandler
                0x0000000008001f4c                USART1_IRQHandler
                0x0000000008001f4c                EXTI10_IRQHandler
                0x0000000008001f4c                SPI3_IRQHandler
                0x0000000008001f4c                I2C1_ER_IRQHandler
                0x0000000008001f4c                FMC_IRQHandler
                0x0000000008001f4c                EXTI6_IRQHandler
                0x0000000008001f4c                LPTIM1_IRQHandler
                0x0000000008001f4c                DCMI_PSSI_IRQHandler
                0x0000000008001f4c                I2C4_ER_IRQHandler
                0x0000000008001f4c                ICACHE_IRQHandler
                0x0000000008001f4c                SAI1_IRQHandler
                0x0000000008001f4c                HASH_IRQHandler
 .text.LAN8742_RegisterBusIO
                0x0000000008001f4e       0x64 ./Drivers/BSP/lan8742/lan8742.o
                0x0000000008001f4e                LAN8742_RegisterBusIO
 .text.LAN8742_Init
                0x0000000008001fb2      0x150 ./Drivers/BSP/lan8742/lan8742.o
                0x0000000008001fb2                LAN8742_Init
 .text.LAN8742_GetLinkState
                0x0000000008002102      0x10e ./Drivers/BSP/lan8742/lan8742.o
                0x0000000008002102                LAN8742_GetLinkState
 .text.HAL_Init
                0x0000000008002210       0x4c ./Drivers/STM32H5xx_HAL_Driver/Src/stm32h5xx_hal.o
                0x0000000008002210                HAL_Init
 .text.HAL_IncTick
                0x000000000800225c       0x28 ./Drivers/STM32H5xx_HAL_Driver/Src/stm32h5xx_hal.o
                0x000000000800225c                HAL_IncTick
 .text.HAL_GetTick
                0x0000000008002284       0x18 ./Drivers/STM32H5xx_HAL_Driver/Src/stm32h5xx_hal.o
                0x0000000008002284                HAL_GetTick
 .text.HAL_SBS_ETHInterfaceSelect
                0x000000000800229c       0x2c ./Drivers/STM32H5xx_HAL_Driver/Src/stm32h5xx_hal.o
                0x000000000800229c                HAL_SBS_ETHInterfaceSelect
 .text.__NVIC_SetPriorityGrouping
                0x00000000080022c8       0x48 ./Drivers/STM32H5xx_HAL_Driver/Src/stm32h5xx_hal_cortex.o
 .text.__NVIC_GetPriorityGrouping
                0x0000000008002310       0x1c ./Drivers/STM32H5xx_HAL_Driver/Src/stm32h5xx_hal_cortex.o
 .text.__NVIC_EnableIRQ
                0x000000000800232c       0x3c ./Drivers/STM32H5xx_HAL_Driver/Src/stm32h5xx_hal_cortex.o
 .text.__NVIC_SetPriority
                0x0000000008002368       0x54 ./Drivers/STM32H5xx_HAL_Driver/Src/stm32h5xx_hal_cortex.o
 .text.NVIC_EncodePriority
                0x00000000080023bc       0x66 ./Drivers/STM32H5xx_HAL_Driver/Src/stm32h5xx_hal_cortex.o
 .text.HAL_NVIC_SetPriorityGrouping
                0x0000000008002422       0x16 ./Drivers/STM32H5xx_HAL_Driver/Src/stm32h5xx_hal_cortex.o
                0x0000000008002422                HAL_NVIC_SetPriorityGrouping
 .text.HAL_NVIC_SetPriority
                0x0000000008002438       0x34 ./Drivers/STM32H5xx_HAL_Driver/Src/stm32h5xx_hal_cortex.o
                0x0000000008002438                HAL_NVIC_SetPriority
 .text.HAL_NVIC_EnableIRQ
                0x000000000800246c       0x1c ./Drivers/STM32H5xx_HAL_Driver/Src/stm32h5xx_hal_cortex.o
                0x000000000800246c                HAL_NVIC_EnableIRQ
 .text.HAL_ETH_Init
                0x0000000008002488      0x1cc ./Drivers/STM32H5xx_HAL_Driver/Src/stm32h5xx_hal_eth.o
                0x0000000008002488                HAL_ETH_Init
 .text.HAL_ETH_Start_IT
                0x0000000008002654      0x11c ./Drivers/STM32H5xx_HAL_Driver/Src/stm32h5xx_hal_eth.o
                0x0000000008002654                HAL_ETH_Start_IT
 .text.HAL_ETH_Stop_IT
                0x0000000008002770       0xf0 ./Drivers/STM32H5xx_HAL_Driver/Src/stm32h5xx_hal_eth.o
                0x0000000008002770                HAL_ETH_Stop_IT
 .text.HAL_ETH_Transmit_IT
                0x0000000008002860       0xa2 ./Drivers/STM32H5xx_HAL_Driver/Src/stm32h5xx_hal_eth.o
                0x0000000008002860                HAL_ETH_Transmit_IT
 .text.HAL_ETH_ReadData
                0x0000000008002902      0x180 ./Drivers/STM32H5xx_HAL_Driver/Src/stm32h5xx_hal_eth.o
                0x0000000008002902                HAL_ETH_ReadData
 .text.ETH_UpdateDescriptor
                0x0000000008002a82       0xdc ./Drivers/STM32H5xx_HAL_Driver/Src/stm32h5xx_hal_eth.o
 .text.HAL_ETH_ReleaseTxPacket
                0x0000000008002b5e       0xb6 ./Drivers/STM32H5xx_HAL_Driver/Src/stm32h5xx_hal_eth.o
                0x0000000008002b5e                HAL_ETH_ReleaseTxPacket
 .text.HAL_ETH_IRQHandler
                0x0000000008002c14      0x220 ./Drivers/STM32H5xx_HAL_Driver/Src/stm32h5xx_hal_eth.o
                0x0000000008002c14                HAL_ETH_IRQHandler
 .text.HAL_ETH_PMTCallback
                0x0000000008002e34       0x14 ./Drivers/STM32H5xx_HAL_Driver/Src/stm32h5xx_hal_eth.o
                0x0000000008002e34                HAL_ETH_PMTCallback
 .text.HAL_ETH_EEECallback
                0x0000000008002e48       0x14 ./Drivers/STM32H5xx_HAL_Driver/Src/stm32h5xx_hal_eth.o
                0x0000000008002e48                HAL_ETH_EEECallback
 .text.HAL_ETH_WakeUpCallback
                0x0000000008002e5c       0x14 ./Drivers/STM32H5xx_HAL_Driver/Src/stm32h5xx_hal_eth.o
                0x0000000008002e5c                HAL_ETH_WakeUpCallback
 .text.HAL_ETH_ReadPHYRegister
                0x0000000008002e70       0xa8 ./Drivers/STM32H5xx_HAL_Driver/Src/stm32h5xx_hal_eth.o
                0x0000000008002e70                HAL_ETH_ReadPHYRegister
 .text.HAL_ETH_WritePHYRegister
                0x0000000008002f18       0xa8 ./Drivers/STM32H5xx_HAL_Driver/Src/stm32h5xx_hal_eth.o
                0x0000000008002f18                HAL_ETH_WritePHYRegister
 .text.HAL_ETH_GetMACConfig
                0x0000000008002fc0      0x3a8 ./Drivers/STM32H5xx_HAL_Driver/Src/stm32h5xx_hal_eth.o
                0x0000000008002fc0                HAL_ETH_GetMACConfig
 .text.HAL_ETH_SetMACConfig
                0x0000000008003368       0x34 ./Drivers/STM32H5xx_HAL_Driver/Src/stm32h5xx_hal_eth.o
                0x0000000008003368                HAL_ETH_SetMACConfig
 .text.HAL_ETH_SetMDIOClockRange
                0x000000000800339c       0xd0 ./Drivers/STM32H5xx_HAL_Driver/Src/stm32h5xx_hal_eth.o
                0x000000000800339c                HAL_ETH_SetMDIOClockRange
 .text.HAL_ETH_GetDMAError
                0x000000000800346c       0x1a ./Drivers/STM32H5xx_HAL_Driver/Src/stm32h5xx_hal_eth.o
                0x000000000800346c                HAL_ETH_GetDMAError
 *fill*         0x0000000008003486        0x2 
 .text.ETH_SetMACConfig
                0x0000000008003488      0x238 ./Drivers/STM32H5xx_HAL_Driver/Src/stm32h5xx_hal_eth.o
 .text.ETH_SetDMAConfig
                0x00000000080036c0      0x10c ./Drivers/STM32H5xx_HAL_Driver/Src/stm32h5xx_hal_eth.o
 .text.ETH_MACDMAConfig
                0x00000000080037cc      0x13a ./Drivers/STM32H5xx_HAL_Driver/Src/stm32h5xx_hal_eth.o
 .text.ETH_DMATxDescListInit
                0x0000000008003906       0x92 ./Drivers/STM32H5xx_HAL_Driver/Src/stm32h5xx_hal_eth.o
 .text.ETH_DMARxDescListInit
                0x0000000008003998       0xba ./Drivers/STM32H5xx_HAL_Driver/Src/stm32h5xx_hal_eth.o
 .text.ETH_Prepare_Tx_Descriptors
                0x0000000008003a52      0x51a ./Drivers/STM32H5xx_HAL_Driver/Src/stm32h5xx_hal_eth.o
 .text.HAL_GPIO_Init
                0x0000000008003f6c      0x2a4 ./Drivers/STM32H5xx_HAL_Driver/Src/stm32h5xx_hal_gpio.o
                0x0000000008003f6c                HAL_GPIO_Init
 .text.HAL_GPIO_WritePin
                0x0000000008004210       0x30 ./Drivers/STM32H5xx_HAL_Driver/Src/stm32h5xx_hal_gpio.o
                0x0000000008004210                HAL_GPIO_WritePin
 .text.HAL_GPIO_TogglePin
                0x0000000008004240       0x34 ./Drivers/STM32H5xx_HAL_Driver/Src/stm32h5xx_hal_gpio.o
                0x0000000008004240                HAL_GPIO_TogglePin
 .text.HAL_ICACHE_Enable
                0x0000000008004274       0x20 ./Drivers/STM32H5xx_HAL_Driver/Src/stm32h5xx_hal_icache.o
                0x0000000008004274                HAL_ICACHE_Enable
 .text.HAL_RCC_OscConfig
                0x0000000008004294      0x870 ./Drivers/STM32H5xx_HAL_Driver/Src/stm32h5xx_hal_rcc.o
                0x0000000008004294                HAL_RCC_OscConfig
 .text.HAL_RCC_ClockConfig
                0x0000000008004b04      0x370 ./Drivers/STM32H5xx_HAL_Driver/Src/stm32h5xx_hal_rcc.o
                0x0000000008004b04                HAL_RCC_ClockConfig
 .text.HAL_RCC_GetSysClockFreq
                0x0000000008004e74      0x258 ./Drivers/STM32H5xx_HAL_Driver/Src/stm32h5xx_hal_rcc.o
                0x0000000008004e74                HAL_RCC_GetSysClockFreq
 .text.HAL_RCC_GetHCLKFreq
                0x00000000080050cc       0x38 ./Drivers/STM32H5xx_HAL_Driver/Src/stm32h5xx_hal_rcc.o
                0x00000000080050cc                HAL_RCC_GetHCLKFreq
 .text.HAL_RCC_GetPCLK1Freq
                0x0000000008005104       0x2c ./Drivers/STM32H5xx_HAL_Driver/Src/stm32h5xx_hal_rcc.o
                0x0000000008005104                HAL_RCC_GetPCLK1Freq
 .text.HAL_RCC_GetPCLK2Freq
                0x0000000008005130       0x2c ./Drivers/STM32H5xx_HAL_Driver/Src/stm32h5xx_hal_rcc.o
                0x0000000008005130                HAL_RCC_GetPCLK2Freq
 .text.HAL_RCC_GetPCLK3Freq
                0x000000000800515c       0x2c ./Drivers/STM32H5xx_HAL_Driver/Src/stm32h5xx_hal_rcc.o
                0x000000000800515c                HAL_RCC_GetPCLK3Freq
 .text.HAL_RCC_GetClockConfig
                0x0000000008005188       0x70 ./Drivers/STM32H5xx_HAL_Driver/Src/stm32h5xx_hal_rcc.o
                0x0000000008005188                HAL_RCC_GetClockConfig
 .text.HAL_RCCEx_PeriphCLKConfig
                0x00000000080051f8     0x1f14 ./Drivers/STM32H5xx_HAL_Driver/Src/stm32h5xx_hal_rcc_ex.o
                0x00000000080051f8                HAL_RCCEx_PeriphCLKConfig
 .text.HAL_RCCEx_GetPLL1ClockFreq
                0x000000000800710c      0x2d4 ./Drivers/STM32H5xx_HAL_Driver/Src/stm32h5xx_hal_rcc_ex.o
                0x000000000800710c                HAL_RCCEx_GetPLL1ClockFreq
 .text.HAL_RCCEx_GetPLL2ClockFreq
                0x00000000080073e0      0x2d4 ./Drivers/STM32H5xx_HAL_Driver/Src/stm32h5xx_hal_rcc_ex.o
                0x00000000080073e0                HAL_RCCEx_GetPLL2ClockFreq
 .text.HAL_RCCEx_GetPLL3ClockFreq
                0x00000000080076b4      0x2d4 ./Drivers/STM32H5xx_HAL_Driver/Src/stm32h5xx_hal_rcc_ex.o
                0x00000000080076b4                HAL_RCCEx_GetPLL3ClockFreq
 .text.HAL_RCCEx_GetPeriphCLKFreq
                0x0000000008007988     0x26b4 ./Drivers/STM32H5xx_HAL_Driver/Src/stm32h5xx_hal_rcc_ex.o
                0x0000000008007988                HAL_RCCEx_GetPeriphCLKFreq
 .text.RCCEx_PLL2_Config
                0x000000000800a03c      0x130 ./Drivers/STM32H5xx_HAL_Driver/Src/stm32h5xx_hal_rcc_ex.o
 .text.RCCEx_PLL3_Config
                0x000000000800a16c      0x130 ./Drivers/STM32H5xx_HAL_Driver/Src/stm32h5xx_hal_rcc_ex.o
 .text.HAL_TIM_Base_Init
                0x000000000800a29c       0xae ./Drivers/STM32H5xx_HAL_Driver/Src/stm32h5xx_hal_tim.o
                0x000000000800a29c                HAL_TIM_Base_Init
 .text.HAL_TIM_Base_MspInit
                0x000000000800a34a       0x14 ./Drivers/STM32H5xx_HAL_Driver/Src/stm32h5xx_hal_tim.o
                0x000000000800a34a                HAL_TIM_Base_MspInit
 *fill*         0x000000000800a35e        0x2 
 .text.HAL_TIM_Base_Start_IT
                0x000000000800a360      0x15c ./Drivers/STM32H5xx_HAL_Driver/Src/stm32h5xx_hal_tim.o
                0x000000000800a360                HAL_TIM_Base_Start_IT
 .text.HAL_TIM_IRQHandler
                0x000000000800a4bc      0x294 ./Drivers/STM32H5xx_HAL_Driver/Src/stm32h5xx_hal_tim.o
                0x000000000800a4bc                HAL_TIM_IRQHandler
 .text.HAL_TIM_OC_DelayElapsedCallback
                0x000000000800a750       0x14 ./Drivers/STM32H5xx_HAL_Driver/Src/stm32h5xx_hal_tim.o
                0x000000000800a750                HAL_TIM_OC_DelayElapsedCallback
 .text.HAL_TIM_IC_CaptureCallback
                0x000000000800a764       0x14 ./Drivers/STM32H5xx_HAL_Driver/Src/stm32h5xx_hal_tim.o
                0x000000000800a764                HAL_TIM_IC_CaptureCallback
 .text.HAL_TIM_PWM_PulseFinishedCallback
                0x000000000800a778       0x14 ./Drivers/STM32H5xx_HAL_Driver/Src/stm32h5xx_hal_tim.o
                0x000000000800a778                HAL_TIM_PWM_PulseFinishedCallback
 .text.HAL_TIM_TriggerCallback
                0x000000000800a78c       0x14 ./Drivers/STM32H5xx_HAL_Driver/Src/stm32h5xx_hal_tim.o
                0x000000000800a78c                HAL_TIM_TriggerCallback
 .text.TIM_Base_SetConfig
                0x000000000800a7a0      0x23c ./Drivers/STM32H5xx_HAL_Driver/Src/stm32h5xx_hal_tim.o
                0x000000000800a7a0                TIM_Base_SetConfig
 .text.HAL_TIMEx_CommutCallback
                0x000000000800a9dc       0x14 ./Drivers/STM32H5xx_HAL_Driver/Src/stm32h5xx_hal_tim_ex.o
                0x000000000800a9dc                HAL_TIMEx_CommutCallback
 .text.HAL_TIMEx_BreakCallback
                0x000000000800a9f0       0x14 ./Drivers/STM32H5xx_HAL_Driver/Src/stm32h5xx_hal_tim_ex.o
                0x000000000800a9f0                HAL_TIMEx_BreakCallback
 .text.HAL_TIMEx_Break2Callback
                0x000000000800aa04       0x14 ./Drivers/STM32H5xx_HAL_Driver/Src/stm32h5xx_hal_tim_ex.o
                0x000000000800aa04                HAL_TIMEx_Break2Callback
 .text.HAL_TIMEx_EncoderIndexCallback
                0x000000000800aa18       0x14 ./Drivers/STM32H5xx_HAL_Driver/Src/stm32h5xx_hal_tim_ex.o
                0x000000000800aa18                HAL_TIMEx_EncoderIndexCallback
 .text.HAL_TIMEx_DirectionChangeCallback
                0x000000000800aa2c       0x14 ./Drivers/STM32H5xx_HAL_Driver/Src/stm32h5xx_hal_tim_ex.o
                0x000000000800aa2c                HAL_TIMEx_DirectionChangeCallback
 .text.HAL_TIMEx_IndexErrorCallback
                0x000000000800aa40       0x14 ./Drivers/STM32H5xx_HAL_Driver/Src/stm32h5xx_hal_tim_ex.o
                0x000000000800aa40                HAL_TIMEx_IndexErrorCallback
 .text.HAL_TIMEx_TransitionErrorCallback
                0x000000000800aa54       0x14 ./Drivers/STM32H5xx_HAL_Driver/Src/stm32h5xx_hal_tim_ex.o
                0x000000000800aa54                HAL_TIMEx_TransitionErrorCallback
 .text.HAL_UART_Init
                0x000000000800aa68       0xa0 ./Drivers/STM32H5xx_HAL_Driver/Src/stm32h5xx_hal_uart.o
                0x000000000800aa68                HAL_UART_Init
 .text.UART_SetConfig
                0x000000000800ab08      0x3dc ./Drivers/STM32H5xx_HAL_Driver/Src/stm32h5xx_hal_uart.o
                0x000000000800ab08                UART_SetConfig
 .text.UART_AdvFeatureConfig
                0x000000000800aee4      0x144 ./Drivers/STM32H5xx_HAL_Driver/Src/stm32h5xx_hal_uart.o
                0x000000000800aee4                UART_AdvFeatureConfig
 .text.UART_CheckIdleState
                0x000000000800b028      0x154 ./Drivers/STM32H5xx_HAL_Driver/Src/stm32h5xx_hal_uart.o
                0x000000000800b028                UART_CheckIdleState
 .text.UART_WaitOnFlagUntilTimeout
                0x000000000800b17c       0xce ./Drivers/STM32H5xx_HAL_Driver/Src/stm32h5xx_hal_uart.o
                0x000000000800b17c                UART_WaitOnFlagUntilTimeout
 .text.UART_EndRxTransfer
                0x000000000800b24a       0xcc ./Drivers/STM32H5xx_HAL_Driver/Src/stm32h5xx_hal_uart.o
 .text.HAL_UARTEx_DisableFifoMode
                0x000000000800b316       0x72 ./Drivers/STM32H5xx_HAL_Driver/Src/stm32h5xx_hal_uart_ex.o
                0x000000000800b316                HAL_UARTEx_DisableFifoMode
 .text.HAL_UARTEx_SetTxFifoThreshold
                0x000000000800b388       0x7c ./Drivers/STM32H5xx_HAL_Driver/Src/stm32h5xx_hal_uart_ex.o
                0x000000000800b388                HAL_UARTEx_SetTxFifoThreshold
 .text.HAL_UARTEx_SetRxFifoThreshold
                0x000000000800b404       0x7c ./Drivers/STM32H5xx_HAL_Driver/Src/stm32h5xx_hal_uart_ex.o
                0x000000000800b404                HAL_UARTEx_SetRxFifoThreshold
 .text.UARTEx_SetNbDataToProcess
                0x000000000800b480       0x9c ./Drivers/STM32H5xx_HAL_Driver/Src/stm32h5xx_hal_uart_ex.o
 .text.__NVIC_SetPriority
                0x000000000800b51c       0x54 ./Middlewares/Third_Party/FreeRTOS/Source/CMSIS_RTOS_V2/cmsis_os2.o
 .text.SysTick_Handler
                0x000000000800b570       0x20 ./Middlewares/Third_Party/FreeRTOS/Source/CMSIS_RTOS_V2/cmsis_os2.o
                0x000000000800b570                SysTick_Handler
 .text.SVC_Setup
                0x000000000800b590       0x12 ./Middlewares/Third_Party/FreeRTOS/Source/CMSIS_RTOS_V2/cmsis_os2.o
 .text.IRQ_Context
                0x000000000800b5a2       0x4e ./Middlewares/Third_Party/FreeRTOS/Source/CMSIS_RTOS_V2/cmsis_os2.o
 .text.osKernelInitialize
                0x000000000800b5f0       0x4c ./Middlewares/Third_Party/FreeRTOS/Source/CMSIS_RTOS_V2/cmsis_os2.o
                0x000000000800b5f0                osKernelInitialize
 .text.osKernelStart
                0x000000000800b63c       0x54 ./Middlewares/Third_Party/FreeRTOS/Source/CMSIS_RTOS_V2/cmsis_os2.o
                0x000000000800b63c                osKernelStart
 .text.osKernelGetTickCount
                0x000000000800b690       0x28 ./Middlewares/Third_Party/FreeRTOS/Source/CMSIS_RTOS_V2/cmsis_os2.o
                0x000000000800b690                osKernelGetTickCount
 .text.osThreadNew
                0x000000000800b6b8      0x124 ./Middlewares/Third_Party/FreeRTOS/Source/CMSIS_RTOS_V2/cmsis_os2.o
                0x000000000800b6b8                osThreadNew
 .text.osDelay  0x000000000800b7dc       0x34 ./Middlewares/Third_Party/FreeRTOS/Source/CMSIS_RTOS_V2/cmsis_os2.o
                0x000000000800b7dc                osDelay
 .text.osMutexNew
                0x000000000800b810      0x10a ./Middlewares/Third_Party/FreeRTOS/Source/CMSIS_RTOS_V2/cmsis_os2.o
                0x000000000800b810                osMutexNew
 .text.osMutexAcquire
                0x000000000800b91a       0x94 ./Middlewares/Third_Party/FreeRTOS/Source/CMSIS_RTOS_V2/cmsis_os2.o
                0x000000000800b91a                osMutexAcquire
 .text.osMutexRelease
                0x000000000800b9ae       0x78 ./Middlewares/Third_Party/FreeRTOS/Source/CMSIS_RTOS_V2/cmsis_os2.o
                0x000000000800b9ae                osMutexRelease
 .text.osSemaphoreNew
                0x000000000800ba26      0x110 ./Middlewares/Third_Party/FreeRTOS/Source/CMSIS_RTOS_V2/cmsis_os2.o
                0x000000000800ba26                osSemaphoreNew
 *fill*         0x000000000800bb36        0x2 
 .text.osSemaphoreAcquire
                0x000000000800bb38       0x98 ./Middlewares/Third_Party/FreeRTOS/Source/CMSIS_RTOS_V2/cmsis_os2.o
                0x000000000800bb38                osSemaphoreAcquire
 .text.osSemaphoreRelease
                0x000000000800bbd0       0x7c ./Middlewares/Third_Party/FreeRTOS/Source/CMSIS_RTOS_V2/cmsis_os2.o
                0x000000000800bbd0                osSemaphoreRelease
 .text.osSemaphoreDelete
                0x000000000800bc4c       0x46 ./Middlewares/Third_Party/FreeRTOS/Source/CMSIS_RTOS_V2/cmsis_os2.o
                0x000000000800bc4c                osSemaphoreDelete
 .text.osMessageQueueNew
                0x000000000800bc92       0xe4 ./Middlewares/Third_Party/FreeRTOS/Source/CMSIS_RTOS_V2/cmsis_os2.o
                0x000000000800bc92                osMessageQueueNew
 *fill*         0x000000000800bd76        0x2 
 .text.osMessageQueuePut
                0x000000000800bd78       0xb4 ./Middlewares/Third_Party/FreeRTOS/Source/CMSIS_RTOS_V2/cmsis_os2.o
                0x000000000800bd78                osMessageQueuePut
 .text.osMessageQueueGet
                0x000000000800be2c       0xb0 ./Middlewares/Third_Party/FreeRTOS/Source/CMSIS_RTOS_V2/cmsis_os2.o
                0x000000000800be2c                osMessageQueueGet
 .text.osMessageQueueGetCount
                0x000000000800bedc       0x3e ./Middlewares/Third_Party/FreeRTOS/Source/CMSIS_RTOS_V2/cmsis_os2.o
                0x000000000800bedc                osMessageQueueGetCount
 .text.osMessageQueueDelete
                0x000000000800bf1a       0x46 ./Middlewares/Third_Party/FreeRTOS/Source/CMSIS_RTOS_V2/cmsis_os2.o
                0x000000000800bf1a                osMessageQueueDelete
 .text.vApplicationGetTimerTaskMemory
                0x000000000800bf60       0x34 ./Middlewares/Third_Party/FreeRTOS/Source/CMSIS_RTOS_V2/cmsis_os2.o
                0x000000000800bf60                vApplicationGetTimerTaskMemory
 .text.vListInitialise
                0x000000000800bf94       0x40 ./Middlewares/Third_Party/FreeRTOS/Source/list.o
                0x000000000800bf94                vListInitialise
 .text.vListInitialiseItem
                0x000000000800bfd4       0x1a ./Middlewares/Third_Party/FreeRTOS/Source/list.o
                0x000000000800bfd4                vListInitialiseItem
 .text.vListInsert
                0x000000000800bfee       0x72 ./Middlewares/Third_Party/FreeRTOS/Source/list.o
                0x000000000800bfee                vListInsert
 .text.uxListRemove
                0x000000000800c060       0x54 ./Middlewares/Third_Party/FreeRTOS/Source/list.o
                0x000000000800c060                uxListRemove
 .text.xQueueGenericReset
                0x000000000800c0b4       0xee ./Middlewares/Third_Party/FreeRTOS/Source/queue.o
                0x000000000800c0b4                xQueueGenericReset
 .text.xQueueGenericCreateStatic
                0x000000000800c1a2       0x8c ./Middlewares/Third_Party/FreeRTOS/Source/queue.o
                0x000000000800c1a2                xQueueGenericCreateStatic
 .text.xQueueGenericCreate
                0x000000000800c22e       0x94 ./Middlewares/Third_Party/FreeRTOS/Source/queue.o
                0x000000000800c22e                xQueueGenericCreate
 .text.prvInitialiseNewQueue
                0x000000000800c2c2       0x46 ./Middlewares/Third_Party/FreeRTOS/Source/queue.o
 .text.prvInitialiseMutex
                0x000000000800c308       0x34 ./Middlewares/Third_Party/FreeRTOS/Source/queue.o
 .text.xQueueCreateMutex
                0x000000000800c33c       0x30 ./Middlewares/Third_Party/FreeRTOS/Source/queue.o
                0x000000000800c33c                xQueueCreateMutex
 .text.xQueueCreateMutexStatic
                0x000000000800c36c       0x36 ./Middlewares/Third_Party/FreeRTOS/Source/queue.o
                0x000000000800c36c                xQueueCreateMutexStatic
 .text.xQueueGiveMutexRecursive
                0x000000000800c3a2       0x58 ./Middlewares/Third_Party/FreeRTOS/Source/queue.o
                0x000000000800c3a2                xQueueGiveMutexRecursive
 .text.xQueueTakeMutexRecursive
                0x000000000800c3fa       0x5c ./Middlewares/Third_Party/FreeRTOS/Source/queue.o
                0x000000000800c3fa                xQueueTakeMutexRecursive
 .text.xQueueCreateCountingSemaphoreStatic
                0x000000000800c456       0x54 ./Middlewares/Third_Party/FreeRTOS/Source/queue.o
                0x000000000800c456                xQueueCreateCountingSemaphoreStatic
 .text.xQueueCreateCountingSemaphore
                0x000000000800c4aa       0x4c ./Middlewares/Third_Party/FreeRTOS/Source/queue.o
                0x000000000800c4aa                xQueueCreateCountingSemaphore
 .text.xQueueGenericSend
                0x000000000800c4f6      0x192 ./Middlewares/Third_Party/FreeRTOS/Source/queue.o
                0x000000000800c4f6                xQueueGenericSend
 .text.xQueueGenericSendFromISR
                0x000000000800c688      0x100 ./Middlewares/Third_Party/FreeRTOS/Source/queue.o
                0x000000000800c688                xQueueGenericSendFromISR
 .text.xQueueGiveFromISR
                0x000000000800c788       0xe4 ./Middlewares/Third_Party/FreeRTOS/Source/queue.o
                0x000000000800c788                xQueueGiveFromISR
 .text.xQueueReceive
                0x000000000800c86c      0x172 ./Middlewares/Third_Party/FreeRTOS/Source/queue.o
                0x000000000800c86c                xQueueReceive
 .text.xQueueSemaphoreTake
                0x000000000800c9de      0x1ae ./Middlewares/Third_Party/FreeRTOS/Source/queue.o
                0x000000000800c9de                xQueueSemaphoreTake
 .text.xQueueReceiveFromISR
                0x000000000800cb8c       0xda ./Middlewares/Third_Party/FreeRTOS/Source/queue.o
                0x000000000800cb8c                xQueueReceiveFromISR
 .text.uxQueueMessagesWaiting
                0x000000000800cc66       0x2c ./Middlewares/Third_Party/FreeRTOS/Source/queue.o
                0x000000000800cc66                uxQueueMessagesWaiting
 .text.uxQueueMessagesWaitingFromISR
                0x000000000800cc92       0x28 ./Middlewares/Third_Party/FreeRTOS/Source/queue.o
                0x000000000800cc92                uxQueueMessagesWaitingFromISR
 .text.vQueueDelete
                0x000000000800ccba       0x36 ./Middlewares/Third_Party/FreeRTOS/Source/queue.o
                0x000000000800ccba                vQueueDelete
 .text.prvGetDisinheritPriorityAfterTimeout
                0x000000000800ccf0       0x30 ./Middlewares/Third_Party/FreeRTOS/Source/queue.o
 .text.prvCopyDataToQueue
                0x000000000800cd20       0xd4 ./Middlewares/Third_Party/FreeRTOS/Source/queue.o
 .text.prvCopyDataFromQueue
                0x000000000800cdf4       0x4c ./Middlewares/Third_Party/FreeRTOS/Source/queue.o
 .text.prvUnlockQueue
                0x000000000800ce40       0xa4 ./Middlewares/Third_Party/FreeRTOS/Source/queue.o
 .text.prvIsQueueEmpty
                0x000000000800cee4       0x2c ./Middlewares/Third_Party/FreeRTOS/Source/queue.o
 .text.prvIsQueueFull
                0x000000000800cf10       0x30 ./Middlewares/Third_Party/FreeRTOS/Source/queue.o
 .text.vQueueAddToRegistry
                0x000000000800cf40       0x88 ./Middlewares/Third_Party/FreeRTOS/Source/queue.o
                0x000000000800cf40                vQueueAddToRegistry
 .text.vQueueUnregisterQueue
                0x000000000800cfc8       0x5c ./Middlewares/Third_Party/FreeRTOS/Source/queue.o
                0x000000000800cfc8                vQueueUnregisterQueue
 .text.vQueueWaitForMessageRestricted
                0x000000000800d024       0x68 ./Middlewares/Third_Party/FreeRTOS/Source/queue.o
                0x000000000800d024                vQueueWaitForMessageRestricted
 .text.xTaskCreateStatic
                0x000000000800d08c       0x94 ./Middlewares/Third_Party/FreeRTOS/Source/tasks.o
                0x000000000800d08c                xTaskCreateStatic
 .text.xTaskCreate
                0x000000000800d120       0x94 ./Middlewares/Third_Party/FreeRTOS/Source/tasks.o
                0x000000000800d120                xTaskCreate
 .text.prvInitialiseNewTask
                0x000000000800d1b4      0x100 ./Middlewares/Third_Party/FreeRTOS/Source/tasks.o
 .text.prvAddNewTaskToReadyList
                0x000000000800d2b4      0x120 ./Middlewares/Third_Party/FreeRTOS/Source/tasks.o
 .text.vTaskDelay
                0x000000000800d3d4       0x48 ./Middlewares/Third_Party/FreeRTOS/Source/tasks.o
                0x000000000800d3d4                vTaskDelay
 .text.vTaskStartScheduler
                0x000000000800d41c       0xb4 ./Middlewares/Third_Party/FreeRTOS/Source/tasks.o
                0x000000000800d41c                vTaskStartScheduler
 .text.vTaskSuspendAll
                0x000000000800d4d0       0x1c ./Middlewares/Third_Party/FreeRTOS/Source/tasks.o
                0x000000000800d4d0                vTaskSuspendAll
 .text.xTaskResumeAll
                0x000000000800d4ec      0x1d8 ./Middlewares/Third_Party/FreeRTOS/Source/tasks.o
                0x000000000800d4ec                xTaskResumeAll
 .text.xTaskGetTickCount
                0x000000000800d6c4       0x20 ./Middlewares/Third_Party/FreeRTOS/Source/tasks.o
                0x000000000800d6c4                xTaskGetTickCount
 .text.xTaskGetTickCountFromISR
                0x000000000800d6e4       0x24 ./Middlewares/Third_Party/FreeRTOS/Source/tasks.o
                0x000000000800d6e4                xTaskGetTickCountFromISR
 .text.uxTaskGetNumberOfTasks
                0x000000000800d708       0x18 ./Middlewares/Third_Party/FreeRTOS/Source/tasks.o
                0x000000000800d708                uxTaskGetNumberOfTasks
 .text.xTaskIncrementTick
                0x000000000800d720      0x220 ./Middlewares/Third_Party/FreeRTOS/Source/tasks.o
                0x000000000800d720                xTaskIncrementTick
 .text.vTaskSwitchContext
                0x000000000800d940       0xf4 ./Middlewares/Third_Party/FreeRTOS/Source/tasks.o
                0x000000000800d940                vTaskSwitchContext
 .text.vTaskPlaceOnEventList
                0x000000000800da34       0x38 ./Middlewares/Third_Party/FreeRTOS/Source/tasks.o
                0x000000000800da34                vTaskPlaceOnEventList
 .text.vTaskPlaceOnEventListRestricted
                0x000000000800da6c       0x7c ./Middlewares/Third_Party/FreeRTOS/Source/tasks.o
                0x000000000800da6c                vTaskPlaceOnEventListRestricted
 .text.xTaskRemoveFromEventList
                0x000000000800dae8      0x19c ./Middlewares/Third_Party/FreeRTOS/Source/tasks.o
                0x000000000800dae8                xTaskRemoveFromEventList
 .text.vTaskInternalSetTimeOutState
                0x000000000800dc84       0x2c ./Middlewares/Third_Party/FreeRTOS/Source/tasks.o
                0x000000000800dc84                vTaskInternalSetTimeOutState
 .text.xTaskCheckForTimeOut
                0x000000000800dcb0       0xac ./Middlewares/Third_Party/FreeRTOS/Source/tasks.o
                0x000000000800dcb0                xTaskCheckForTimeOut
 .text.vTaskMissedYield
                0x000000000800dd5c       0x18 ./Middlewares/Third_Party/FreeRTOS/Source/tasks.o
                0x000000000800dd5c                vTaskMissedYield
 .text.prvIdleTask
                0x000000000800dd74       0x20 ./Middlewares/Third_Party/FreeRTOS/Source/tasks.o
 .text.prvInitialiseTaskLists
                0x000000000800dd94       0x80 ./Middlewares/Third_Party/FreeRTOS/Source/tasks.o
 .text.prvCheckTasksWaitingTermination
                0x000000000800de14       0x5c ./Middlewares/Third_Party/FreeRTOS/Source/tasks.o
 .text.prvDeleteTCB
                0x000000000800de70       0x4e ./Middlewares/Third_Party/FreeRTOS/Source/tasks.o
 *fill*         0x000000000800debe        0x2 
 .text.prvResetNextTaskUnblockTime
                0x000000000800dec0       0x38 ./Middlewares/Third_Party/FreeRTOS/Source/tasks.o
 .text.xTaskGetCurrentTaskHandle
                0x000000000800def8       0x20 ./Middlewares/Third_Party/FreeRTOS/Source/tasks.o
                0x000000000800def8                xTaskGetCurrentTaskHandle
 .text.xTaskGetSchedulerState
                0x000000000800df18       0x3c ./Middlewares/Third_Party/FreeRTOS/Source/tasks.o
                0x000000000800df18                xTaskGetSchedulerState
 .text.xTaskPriorityInherit
                0x000000000800df54      0x120 ./Middlewares/Third_Party/FreeRTOS/Source/tasks.o
                0x000000000800df54                xTaskPriorityInherit
 .text.xTaskPriorityDisinherit
                0x000000000800e074      0x10c ./Middlewares/Third_Party/FreeRTOS/Source/tasks.o
                0x000000000800e074                xTaskPriorityDisinherit
 .text.vTaskPriorityDisinheritAfterTimeout
                0x000000000800e180      0x134 ./Middlewares/Third_Party/FreeRTOS/Source/tasks.o
                0x000000000800e180                vTaskPriorityDisinheritAfterTimeout
 .text.pvTaskIncrementMutexHeldCount
                0x000000000800e2b4       0x28 ./Middlewares/Third_Party/FreeRTOS/Source/tasks.o
                0x000000000800e2b4                pvTaskIncrementMutexHeldCount
 .text.prvAddCurrentTaskToDelayedList
                0x000000000800e2dc       0xdc ./Middlewares/Third_Party/FreeRTOS/Source/tasks.o
 .text.xTimerCreateTimerTask
                0x000000000800e3b8       0x80 ./Middlewares/Third_Party/FreeRTOS/Source/timers.o
                0x000000000800e3b8                xTimerCreateTimerTask
 .text.prvReloadTimer
                0x000000000800e438       0x42 ./Middlewares/Third_Party/FreeRTOS/Source/timers.o
 *fill*         0x000000000800e47a        0x2 
 .text.prvProcessExpiredTimer
                0x000000000800e47c       0x60 ./Middlewares/Third_Party/FreeRTOS/Source/timers.o
 .text.prvTimerTask
                0x000000000800e4dc       0x24 ./Middlewares/Third_Party/FreeRTOS/Source/timers.o
 .text.prvProcessTimerOrBlockTask
                0x000000000800e500       0x8c ./Middlewares/Third_Party/FreeRTOS/Source/timers.o
 .text.prvGetNextExpireTime
                0x000000000800e58c       0x48 ./Middlewares/Third_Party/FreeRTOS/Source/timers.o
 .text.prvSampleTimeNow
                0x000000000800e5d4       0x40 ./Middlewares/Third_Party/FreeRTOS/Source/timers.o
 .text.prvInsertTimerInActiveList
                0x000000000800e614       0x84 ./Middlewares/Third_Party/FreeRTOS/Source/timers.o
 .text.prvProcessReceivedCommands
                0x000000000800e698      0x194 ./Middlewares/Third_Party/FreeRTOS/Source/timers.o
 .text.prvSwitchTimerLists
                0x000000000800e82c       0x4c ./Middlewares/Third_Party/FreeRTOS/Source/timers.o
 .text.prvCheckForValidListAndQueue
                0x000000000800e878       0x80 ./Middlewares/Third_Party/FreeRTOS/Source/timers.o
 .text.vPortSetupTimerInterrupt
                0x000000000800e8f8       0x48 ./Middlewares/Third_Party/FreeRTOS/Source/portable/GCC/ARM_CM33_NTZ/non_secure/port.o
                0x000000000800e8f8                vPortSetupTimerInterrupt
 .text.prvTaskExitError
                0x000000000800e940       0x34 ./Middlewares/Third_Party/FreeRTOS/Source/portable/GCC/ARM_CM33_NTZ/non_secure/port.o
 .text.vPortYield
                0x000000000800e974       0x24 ./Middlewares/Third_Party/FreeRTOS/Source/portable/GCC/ARM_CM33_NTZ/non_secure/port.o
                0x000000000800e974                vPortYield
 .text.vPortEnterCritical
                0x000000000800e998       0x24 ./Middlewares/Third_Party/FreeRTOS/Source/portable/GCC/ARM_CM33_NTZ/non_secure/port.o
                0x000000000800e998                vPortEnterCritical
 .text.vPortExitCritical
                0x000000000800e9bc       0x34 ./Middlewares/Third_Party/FreeRTOS/Source/portable/GCC/ARM_CM33_NTZ/non_secure/port.o
                0x000000000800e9bc                vPortExitCritical
 .text.xPortSysTickHandler
                0x000000000800e9f0       0x30 ./Middlewares/Third_Party/FreeRTOS/Source/portable/GCC/ARM_CM33_NTZ/non_secure/port.o
                0x000000000800e9f0                xPortSysTickHandler
 .text.vPortSVCHandler_C
                0x000000000800ea20       0x30 ./Middlewares/Third_Party/FreeRTOS/Source/portable/GCC/ARM_CM33_NTZ/non_secure/port.o
                0x000000000800ea20                vPortSVCHandler_C
 .text.pxPortInitialiseStack
                0x000000000800ea50      0x114 ./Middlewares/Third_Party/FreeRTOS/Source/portable/GCC/ARM_CM33_NTZ/non_secure/port.o
                0x000000000800ea50                pxPortInitialiseStack
 .text.xPortStartScheduler
                0x000000000800eb64       0x40 ./Middlewares/Third_Party/FreeRTOS/Source/portable/GCC/ARM_CM33_NTZ/non_secure/port.o
                0x000000000800eb64                xPortStartScheduler
 *fill*         0x000000000800eba4        0xc 
 .text.vRestoreContextOfFirstTask
                0x000000000800ebb0       0x38 ./Middlewares/Third_Party/FreeRTOS/Source/portable/GCC/ARM_CM33_NTZ/non_secure/portasm.o
                0x000000000800ebb0                vRestoreContextOfFirstTask
 *fill*         0x000000000800ebe8        0x8 
 .text.vStartFirstTask
                0x000000000800ebf0       0x28 ./Middlewares/Third_Party/FreeRTOS/Source/portable/GCC/ARM_CM33_NTZ/non_secure/portasm.o
                0x000000000800ebf0                vStartFirstTask
 .text.ulSetInterruptMask
                0x000000000800ec18       0x1a ./Middlewares/Third_Party/FreeRTOS/Source/portable/GCC/ARM_CM33_NTZ/non_secure/portasm.o
                0x000000000800ec18                ulSetInterruptMask
 .text.vClearInterruptMask
                0x000000000800ec32       0x10 ./Middlewares/Third_Party/FreeRTOS/Source/portable/GCC/ARM_CM33_NTZ/non_secure/portasm.o
                0x000000000800ec32                vClearInterruptMask
 *fill*         0x000000000800ec42        0xe 
 .text.PendSV_Handler
                0x000000000800ec50       0x58 ./Middlewares/Third_Party/FreeRTOS/Source/portable/GCC/ARM_CM33_NTZ/non_secure/portasm.o
                0x000000000800ec50                PendSV_Handler
 *fill*         0x000000000800eca8        0x8 
 .text.SVC_Handler
                0x000000000800ecb0       0x28 ./Middlewares/Third_Party/FreeRTOS/Source/portable/GCC/ARM_CM33_NTZ/non_secure/portasm.o
                0x000000000800ecb0                SVC_Handler
 .text.pvPortMalloc
                0x000000000800ecd8      0x154 ./Middlewares/Third_Party/FreeRTOS/Source/portable/MemMang/heap_4.o
                0x000000000800ecd8                pvPortMalloc
 .text.vPortFree
                0x000000000800ee2c       0x98 ./Middlewares/Third_Party/FreeRTOS/Source/portable/MemMang/heap_4.o
                0x000000000800ee2c                vPortFree
 .text.prvHeapInit
                0x000000000800eec4       0xb8 ./Middlewares/Third_Party/FreeRTOS/Source/portable/MemMang/heap_4.o
 .text.prvInsertBlockIntoFreeList
                0x000000000800ef7c       0xb4 ./Middlewares/Third_Party/FreeRTOS/Source/portable/MemMang/heap_4.o
 .text.netconn_apimsg
                0x000000000800f030       0x3a ./Middlewares/Third_Party/LwIP/src/api/api_lib.o
 *fill*         0x000000000800f06a        0x2 
 .text.netconn_new_with_proto_and_callback
                0x000000000800f06c       0xf4 ./Middlewares/Third_Party/LwIP/src/api/api_lib.o
                0x000000000800f06c                netconn_new_with_proto_and_callback
 .text.netconn_prepare_delete
                0x000000000800f160       0x48 ./Middlewares/Third_Party/LwIP/src/api/api_lib.o
                0x000000000800f160                netconn_prepare_delete
 .text.netconn_delete
                0x000000000800f1a8       0x36 ./Middlewares/Third_Party/LwIP/src/api/api_lib.o
                0x000000000800f1a8                netconn_delete
 *fill*         0x000000000800f1de        0x2 
 .text.netconn_connect
                0x000000000800f1e0       0x70 ./Middlewares/Third_Party/LwIP/src/api/api_lib.o
                0x000000000800f1e0                netconn_connect
 .text.netconn_recv_data
                0x000000000800f250      0x190 ./Middlewares/Third_Party/LwIP/src/api/api_lib.o
 .text.netconn_tcp_recvd_msg
                0x000000000800f3e0       0x60 ./Middlewares/Third_Party/LwIP/src/api/api_lib.o
 .text.netconn_recv_data_tcp
                0x000000000800f440      0x108 ./Middlewares/Third_Party/LwIP/src/api/api_lib.o
 .text.netconn_recv
                0x000000000800f548       0xf4 ./Middlewares/Third_Party/LwIP/src/api/api_lib.o
                0x000000000800f548                netconn_recv
 .text.netconn_write_partly
                0x000000000800f63c       0x34 ./Middlewares/Third_Party/LwIP/src/api/api_lib.o
                0x000000000800f63c                netconn_write_partly
 .text.netconn_write_vectors_partly
                0x000000000800f670      0x170 ./Middlewares/Third_Party/LwIP/src/api/api_lib.o
                0x000000000800f670                netconn_write_vectors_partly
 .text.netconn_close_shutdown
                0x000000000800f7e0       0x60 ./Middlewares/Third_Party/LwIP/src/api/api_lib.o
 .text.netconn_close
                0x000000000800f840       0x1a ./Middlewares/Third_Party/LwIP/src/api/api_lib.o
                0x000000000800f840                netconn_close
 .text.netconn_err
                0x000000000800f85a       0x36 ./Middlewares/Third_Party/LwIP/src/api/api_lib.o
                0x000000000800f85a                netconn_err
 .text.lwip_netconn_err_to_msg
                0x000000000800f890       0x6c ./Middlewares/Third_Party/LwIP/src/api/api_msg.o
 .text.lwip_netconn_is_err_msg
                0x000000000800f8fc       0x74 ./Middlewares/Third_Party/LwIP/src/api/api_msg.o
                0x000000000800f8fc                lwip_netconn_is_err_msg
 .text.recv_udp
                0x000000000800f970       0xfc ./Middlewares/Third_Party/LwIP/src/api/api_msg.o
 .text.recv_tcp
                0x000000000800fa6c      0x10c ./Middlewares/Third_Party/LwIP/src/api/api_msg.o
 .text.poll_tcp
                0x000000000800fb78       0xc8 ./Middlewares/Third_Party/LwIP/src/api/api_msg.o
 .text.sent_tcp
                0x000000000800fc40       0xa8 ./Middlewares/Third_Party/LwIP/src/api/api_msg.o
 .text.err_tcp  0x000000000800fce8      0x1ac ./Middlewares/Third_Party/LwIP/src/api/api_msg.o
 .text.setup_tcp
                0x000000000800fe94       0x50 ./Middlewares/Third_Party/LwIP/src/api/api_msg.o
 .text.pcb_new  0x000000000800fee4       0xd4 ./Middlewares/Third_Party/LwIP/src/api/api_msg.o
 .text.lwip_netconn_do_newconn
                0x000000000800ffb8       0x2a ./Middlewares/Third_Party/LwIP/src/api/api_msg.o
                0x000000000800ffb8                lwip_netconn_do_newconn
 *fill*         0x000000000800ffe2        0x2 
 .text.netconn_alloc
                0x000000000800ffe4       0xdc ./Middlewares/Third_Party/LwIP/src/api/api_msg.o
                0x000000000800ffe4                netconn_alloc
 .text.netconn_free
                0x00000000080100c0       0x94 ./Middlewares/Third_Party/LwIP/src/api/api_msg.o
                0x00000000080100c0                netconn_free
 .text.netconn_drain
                0x0000000008010154       0xfa ./Middlewares/Third_Party/LwIP/src/api/api_msg.o
 *fill*         0x000000000801024e        0x2 
 .text.lwip_netconn_do_close_internal
                0x0000000008010250      0x2d4 ./Middlewares/Third_Party/LwIP/src/api/api_msg.o
 .text.lwip_netconn_do_delconn
                0x0000000008010524      0x1c8 ./Middlewares/Third_Party/LwIP/src/api/api_msg.o
                0x0000000008010524                lwip_netconn_do_delconn
 .text.lwip_netconn_do_connected
                0x00000000080106ec      0x120 ./Middlewares/Third_Party/LwIP/src/api/api_msg.o
 .text.lwip_netconn_do_connect
                0x000000000801080c      0x17c ./Middlewares/Third_Party/LwIP/src/api/api_msg.o
                0x000000000801080c                lwip_netconn_do_connect
 .text.lwip_netconn_do_recv
                0x0000000008010988       0x6a ./Middlewares/Third_Party/LwIP/src/api/api_msg.o
                0x0000000008010988                lwip_netconn_do_recv
 *fill*         0x00000000080109f2        0x2 
 .text.lwip_netconn_do_writemore
                0x00000000080109f4      0x398 ./Middlewares/Third_Party/LwIP/src/api/api_msg.o
 .text.lwip_netconn_do_write
                0x0000000008010d8c      0x118 ./Middlewares/Third_Party/LwIP/src/api/api_msg.o
                0x0000000008010d8c                lwip_netconn_do_write
 .text.lwip_netconn_do_close
                0x0000000008010ea4      0x118 ./Middlewares/Third_Party/LwIP/src/api/api_msg.o
                0x0000000008010ea4                lwip_netconn_do_close
 .text.netbuf_delete
                0x0000000008010fbc       0x3e ./Middlewares/Third_Party/LwIP/src/api/netbuf.o
                0x0000000008010fbc                netbuf_delete
 *fill*         0x0000000008010ffa        0x2 
 .text.netbuf_data
                0x0000000008010ffc       0x94 ./Middlewares/Third_Party/LwIP/src/api/netbuf.o
                0x0000000008010ffc                netbuf_data
 .text.netbuf_next
                0x0000000008011090       0x60 ./Middlewares/Third_Party/LwIP/src/api/netbuf.o
                0x0000000008011090                netbuf_next
 .text.tcpip_timeouts_mbox_fetch
                0x00000000080110f0       0x6c ./Middlewares/Third_Party/LwIP/src/api/tcpip.o
 .text.tcpip_thread
                0x000000000801115c       0x68 ./Middlewares/Third_Party/LwIP/src/api/tcpip.o
 .text.tcpip_thread_handle_msg
                0x00000000080111c4       0x90 ./Middlewares/Third_Party/LwIP/src/api/tcpip.o
 .text.tcpip_inpkt
                0x0000000008011254       0x88 ./Middlewares/Third_Party/LwIP/src/api/tcpip.o
                0x0000000008011254                tcpip_inpkt
 .text.tcpip_input
                0x00000000080112dc       0x44 ./Middlewares/Third_Party/LwIP/src/api/tcpip.o
                0x00000000080112dc                tcpip_input
 .text.tcpip_try_callback
                0x0000000008011320       0x80 ./Middlewares/Third_Party/LwIP/src/api/tcpip.o
                0x0000000008011320                tcpip_try_callback
 .text.tcpip_send_msg_wait_sem
                0x00000000080113a0       0x2c ./Middlewares/Third_Party/LwIP/src/api/tcpip.o
                0x00000000080113a0                tcpip_send_msg_wait_sem
 .text.tcpip_init
                0x00000000080113cc       0x94 ./Middlewares/Third_Party/LwIP/src/api/tcpip.o
                0x00000000080113cc                tcpip_init
 .text.lwip_htons
                0x0000000008011460       0x2a ./Middlewares/Third_Party/LwIP/src/core/def.o
                0x0000000008011460                lwip_htons
 .text.lwip_htonl
                0x000000000801148a       0x32 ./Middlewares/Third_Party/LwIP/src/core/def.o
                0x000000000801148a                lwip_htonl
 .text.lwip_standard_chksum
                0x00000000080114bc       0xba ./Middlewares/Third_Party/LwIP/src/core/inet_chksum.o
                0x00000000080114bc                lwip_standard_chksum
 .text.inet_chksum
                0x0000000008011576       0x24 ./Middlewares/Third_Party/LwIP/src/core/inet_chksum.o
                0x0000000008011576                inet_chksum
 .text.inet_chksum_pbuf
                0x000000000801159a       0x9a ./Middlewares/Third_Party/LwIP/src/core/inet_chksum.o
                0x000000000801159a                inet_chksum_pbuf
 .text.lwip_init
                0x0000000008011634       0x2e ./Middlewares/Third_Party/LwIP/src/core/init.o
                0x0000000008011634                lwip_init
 *fill*         0x0000000008011662        0x2 
 .text.ptr_to_mem
                0x0000000008011664       0x24 ./Middlewares/Third_Party/LwIP/src/core/mem.o
 .text.mem_to_ptr
                0x0000000008011688       0x24 ./Middlewares/Third_Party/LwIP/src/core/mem.o
 .text.plug_holes
                0x00000000080116ac      0x144 ./Middlewares/Third_Party/LwIP/src/core/mem.o
 .text.mem_init
                0x00000000080117f0       0xa4 ./Middlewares/Third_Party/LwIP/src/core/mem.o
                0x00000000080117f0                mem_init
 .text.mem_link_valid
                0x0000000008011894       0x78 ./Middlewares/Third_Party/LwIP/src/core/mem.o
 .text.mem_free
                0x000000000801190c      0x120 ./Middlewares/Third_Party/LwIP/src/core/mem.o
                0x000000000801190c                mem_free
 .text.mem_trim
                0x0000000008011a2c      0x214 ./Middlewares/Third_Party/LwIP/src/core/mem.o
                0x0000000008011a2c                mem_trim
 .text.mem_malloc
                0x0000000008011c40      0x20c ./Middlewares/Third_Party/LwIP/src/core/mem.o
                0x0000000008011c40                mem_malloc
 .text.memp_init_pool
                0x0000000008011e4c       0x60 ./Middlewares/Third_Party/LwIP/src/core/memp.o
                0x0000000008011e4c                memp_init_pool
 .text.memp_init
                0x0000000008011eac       0x34 ./Middlewares/Third_Party/LwIP/src/core/memp.o
                0x0000000008011eac                memp_init
 .text.do_memp_malloc_pool
                0x0000000008011ee0       0x64 ./Middlewares/Third_Party/LwIP/src/core/memp.o
 .text.memp_malloc_pool
                0x0000000008011f44       0x44 ./Middlewares/Third_Party/LwIP/src/core/memp.o
                0x0000000008011f44                memp_malloc_pool
 .text.memp_malloc
                0x0000000008011f88       0x4c ./Middlewares/Third_Party/LwIP/src/core/memp.o
                0x0000000008011f88                memp_malloc
 .text.do_memp_free_pool
                0x0000000008011fd4       0x58 ./Middlewares/Third_Party/LwIP/src/core/memp.o
 .text.memp_free_pool
                0x000000000801202c       0x48 ./Middlewares/Third_Party/LwIP/src/core/memp.o
                0x000000000801202c                memp_free_pool
 .text.memp_free
                0x0000000008012074       0x54 ./Middlewares/Third_Party/LwIP/src/core/memp.o
                0x0000000008012074                memp_free
 .text.netif_init
                0x00000000080120c8        0xe ./Middlewares/Third_Party/LwIP/src/core/netif.o
                0x00000000080120c8                netif_init
 *fill*         0x00000000080120d6        0x2 
 .text.netif_add
                0x00000000080120d8      0x19c ./Middlewares/Third_Party/LwIP/src/core/netif.o
                0x00000000080120d8                netif_add
 .text.netif_do_ip_addr_changed
                0x0000000008012274       0x22 ./Middlewares/Third_Party/LwIP/src/core/netif.o
 *fill*         0x0000000008012296        0x2 
 .text.netif_do_set_ipaddr
                0x0000000008012298       0x94 ./Middlewares/Third_Party/LwIP/src/core/netif.o
 .text.netif_do_set_netmask
                0x000000000801232c       0x3e ./Middlewares/Third_Party/LwIP/src/core/netif.o
 .text.netif_do_set_gw
                0x000000000801236a       0x3e ./Middlewares/Third_Party/LwIP/src/core/netif.o
 .text.netif_set_addr
                0x00000000080123a8       0x94 ./Middlewares/Third_Party/LwIP/src/core/netif.o
                0x00000000080123a8                netif_set_addr
 .text.netif_set_default
                0x000000000801243c       0x20 ./Middlewares/Third_Party/LwIP/src/core/netif.o
                0x000000000801243c                netif_set_default
 .text.netif_set_up
                0x000000000801245c       0x58 ./Middlewares/Third_Party/LwIP/src/core/netif.o
                0x000000000801245c                netif_set_up
 .text.netif_issue_reports
                0x00000000080124b4       0x80 ./Middlewares/Third_Party/LwIP/src/core/netif.o
 .text.netif_set_down
                0x0000000008012534       0x64 ./Middlewares/Third_Party/LwIP/src/core/netif.o
                0x0000000008012534                netif_set_down
 .text.netif_set_link_up
                0x0000000008012598       0x68 ./Middlewares/Third_Party/LwIP/src/core/netif.o
                0x0000000008012598                netif_set_link_up
 .text.netif_set_link_down
                0x0000000008012600       0x60 ./Middlewares/Third_Party/LwIP/src/core/netif.o
                0x0000000008012600                netif_set_link_down
 .text.netif_set_link_callback
                0x0000000008012660       0x22 ./Middlewares/Third_Party/LwIP/src/core/netif.o
                0x0000000008012660                netif_set_link_callback
 .text.netif_null_output_ip4
                0x0000000008012682       0x1c ./Middlewares/Third_Party/LwIP/src/core/netif.o
 *fill*         0x000000000801269e        0x2 
 .text.netif_get_by_index
                0x00000000080126a0       0x4c ./Middlewares/Third_Party/LwIP/src/core/netif.o
                0x00000000080126a0                netif_get_by_index
 .text.pbuf_free_ooseq
                0x00000000080126ec       0x4c ./Middlewares/Third_Party/LwIP/src/core/pbuf.o
 .text.pbuf_free_ooseq_callback
                0x0000000008012738       0x14 ./Middlewares/Third_Party/LwIP/src/core/pbuf.o
 .text.pbuf_pool_is_empty
                0x000000000801274c       0x54 ./Middlewares/Third_Party/LwIP/src/core/pbuf.o
 .text.pbuf_init_alloced_pbuf
                0x00000000080127a0       0x54 ./Middlewares/Third_Party/LwIP/src/core/pbuf.o
 .text.pbuf_alloc
                0x00000000080127f4      0x1ec ./Middlewares/Third_Party/LwIP/src/core/pbuf.o
                0x00000000080127f4                pbuf_alloc
 .text.pbuf_alloc_reference
                0x00000000080129e0       0x68 ./Middlewares/Third_Party/LwIP/src/core/pbuf.o
                0x00000000080129e0                pbuf_alloc_reference
 .text.pbuf_alloced_custom
                0x0000000008012a48       0x68 ./Middlewares/Third_Party/LwIP/src/core/pbuf.o
                0x0000000008012a48                pbuf_alloced_custom
 .text.pbuf_realloc
                0x0000000008012ab0      0x110 ./Middlewares/Third_Party/LwIP/src/core/pbuf.o
                0x0000000008012ab0                pbuf_realloc
 .text.pbuf_add_header_impl
                0x0000000008012bc0       0xd0 ./Middlewares/Third_Party/LwIP/src/core/pbuf.o
 .text.pbuf_add_header
                0x0000000008012c90       0x1e ./Middlewares/Third_Party/LwIP/src/core/pbuf.o
                0x0000000008012c90                pbuf_add_header
 *fill*         0x0000000008012cae        0x2 
 .text.pbuf_remove_header
                0x0000000008012cb0       0xa4 ./Middlewares/Third_Party/LwIP/src/core/pbuf.o
                0x0000000008012cb0                pbuf_remove_header
 .text.pbuf_header_impl
                0x0000000008012d54       0x42 ./Middlewares/Third_Party/LwIP/src/core/pbuf.o
 .text.pbuf_header_force
                0x0000000008012d96       0x24 ./Middlewares/Third_Party/LwIP/src/core/pbuf.o
                0x0000000008012d96                pbuf_header_force
 *fill*         0x0000000008012dba        0x2 
 .text.pbuf_free
                0x0000000008012dbc      0x11c ./Middlewares/Third_Party/LwIP/src/core/pbuf.o
                0x0000000008012dbc                pbuf_free
 .text.pbuf_clen
                0x0000000008012ed8       0x2e ./Middlewares/Third_Party/LwIP/src/core/pbuf.o
                0x0000000008012ed8                pbuf_clen
 *fill*         0x0000000008012f06        0x2 
 .text.pbuf_ref
                0x0000000008012f08       0x50 ./Middlewares/Third_Party/LwIP/src/core/pbuf.o
                0x0000000008012f08                pbuf_ref
 .text.pbuf_cat
                0x0000000008012f58       0xac ./Middlewares/Third_Party/LwIP/src/core/pbuf.o
                0x0000000008012f58                pbuf_cat
 .text.pbuf_copy
                0x0000000008013004      0x1a4 ./Middlewares/Third_Party/LwIP/src/core/pbuf.o
                0x0000000008013004                pbuf_copy
 .text.pbuf_copy_partial
                0x00000000080131a8       0xe4 ./Middlewares/Third_Party/LwIP/src/core/pbuf.o
                0x00000000080131a8                pbuf_copy_partial
 .text.pbuf_clone
                0x000000000801328c       0x64 ./Middlewares/Third_Party/LwIP/src/core/pbuf.o
                0x000000000801328c                pbuf_clone
 .text.tcp_init
                0x00000000080132f0       0x24 ./Middlewares/Third_Party/LwIP/src/core/tcp.o
                0x00000000080132f0                tcp_init
 .text.tcp_free
                0x0000000008013314       0x38 ./Middlewares/Third_Party/LwIP/src/core/tcp.o
                0x0000000008013314                tcp_free
 .text.tcp_free_listen
                0x000000000801334c       0x38 ./Middlewares/Third_Party/LwIP/src/core/tcp.o
 .text.tcp_tmr  0x0000000008013384       0x2c ./Middlewares/Third_Party/LwIP/src/core/tcp.o
                0x0000000008013384                tcp_tmr
 .text.tcp_remove_listener
                0x00000000080133b0       0x54 ./Middlewares/Third_Party/LwIP/src/core/tcp.o
 .text.tcp_listen_closed
                0x0000000008013404       0x74 ./Middlewares/Third_Party/LwIP/src/core/tcp.o
 .text.tcp_close_shutdown
                0x0000000008013478      0x1c4 ./Middlewares/Third_Party/LwIP/src/core/tcp.o
 .text.tcp_close_shutdown_fin
                0x000000000801363c       0xd4 ./Middlewares/Third_Party/LwIP/src/core/tcp.o
 .text.tcp_close
                0x0000000008013710       0x58 ./Middlewares/Third_Party/LwIP/src/core/tcp.o
                0x0000000008013710                tcp_close
 .text.tcp_shutdown
                0x0000000008013768       0xb8 ./Middlewares/Third_Party/LwIP/src/core/tcp.o
                0x0000000008013768                tcp_shutdown
 .text.tcp_abandon
                0x0000000008013820      0x17c ./Middlewares/Third_Party/LwIP/src/core/tcp.o
                0x0000000008013820                tcp_abandon
 .text.tcp_abort
                0x000000000801399c       0x18 ./Middlewares/Third_Party/LwIP/src/core/tcp.o
                0x000000000801399c                tcp_abort
 .text.tcp_update_rcv_ann_wnd
                0x00000000080139b4       0xb4 ./Middlewares/Third_Party/LwIP/src/core/tcp.o
                0x00000000080139b4                tcp_update_rcv_ann_wnd
 .text.tcp_recved
                0x0000000008013a68       0xa0 ./Middlewares/Third_Party/LwIP/src/core/tcp.o
                0x0000000008013a68                tcp_recved
 .text.tcp_new_port
                0x0000000008013b08       0x8c ./Middlewares/Third_Party/LwIP/src/core/tcp.o
 .text.tcp_connect
                0x0000000008013b94      0x230 ./Middlewares/Third_Party/LwIP/src/core/tcp.o
                0x0000000008013b94                tcp_connect
 .text.tcp_slowtmr
                0x0000000008013dc4      0x680 ./Middlewares/Third_Party/LwIP/src/core/tcp.o
                0x0000000008013dc4                tcp_slowtmr
 .text.tcp_fasttmr
                0x0000000008014444       0xc8 ./Middlewares/Third_Party/LwIP/src/core/tcp.o
                0x0000000008014444                tcp_fasttmr
 .text.tcp_process_refused_data
                0x000000000801450c       0xf8 ./Middlewares/Third_Party/LwIP/src/core/tcp.o
                0x000000000801450c                tcp_process_refused_data
 .text.tcp_segs_free
                0x0000000008014604       0x2a ./Middlewares/Third_Party/LwIP/src/core/tcp.o
                0x0000000008014604                tcp_segs_free
 .text.tcp_seg_free
                0x000000000801462e       0x30 ./Middlewares/Third_Party/LwIP/src/core/tcp.o
                0x000000000801462e                tcp_seg_free
 *fill*         0x000000000801465e        0x2 
 .text.tcp_seg_copy
                0x0000000008014660       0x58 ./Middlewares/Third_Party/LwIP/src/core/tcp.o
                0x0000000008014660                tcp_seg_copy
 .text.tcp_recv_null
                0x00000000080146b8       0x6c ./Middlewares/Third_Party/LwIP/src/core/tcp.o
                0x00000000080146b8                tcp_recv_null
 .text.tcp_kill_prio
                0x0000000008014724       0x9c ./Middlewares/Third_Party/LwIP/src/core/tcp.o
 .text.tcp_kill_state
                0x00000000080147c0       0x94 ./Middlewares/Third_Party/LwIP/src/core/tcp.o
 .text.tcp_kill_timewait
                0x0000000008014854       0x60 ./Middlewares/Third_Party/LwIP/src/core/tcp.o
 .text.tcp_handle_closepend
                0x00000000080148b4       0x4c ./Middlewares/Third_Party/LwIP/src/core/tcp.o
 .text.tcp_alloc
                0x0000000008014900      0x108 ./Middlewares/Third_Party/LwIP/src/core/tcp.o
                0x0000000008014900                tcp_alloc
 .text.tcp_new_ip_type
                0x0000000008014a08       0x1c ./Middlewares/Third_Party/LwIP/src/core/tcp.o
                0x0000000008014a08                tcp_new_ip_type
 .text.tcp_arg  0x0000000008014a24       0x22 ./Middlewares/Third_Party/LwIP/src/core/tcp.o
                0x0000000008014a24                tcp_arg
 *fill*         0x0000000008014a46        0x2 
 .text.tcp_recv
                0x0000000008014a48       0x44 ./Middlewares/Third_Party/LwIP/src/core/tcp.o
                0x0000000008014a48                tcp_recv
 .text.tcp_sent
                0x0000000008014a8c       0x44 ./Middlewares/Third_Party/LwIP/src/core/tcp.o
                0x0000000008014a8c                tcp_sent
 .text.tcp_err  0x0000000008014ad0       0x44 ./Middlewares/Third_Party/LwIP/src/core/tcp.o
                0x0000000008014ad0                tcp_err
 .text.tcp_accept
                0x0000000008014b14       0x2e ./Middlewares/Third_Party/LwIP/src/core/tcp.o
                0x0000000008014b14                tcp_accept
 *fill*         0x0000000008014b42        0x2 
 .text.tcp_poll
                0x0000000008014b44       0x60 ./Middlewares/Third_Party/LwIP/src/core/tcp.o
                0x0000000008014b44                tcp_poll
 .text.tcp_pcb_purge
                0x0000000008014ba4       0xa0 ./Middlewares/Third_Party/LwIP/src/core/tcp.o
                0x0000000008014ba4                tcp_pcb_purge
 .text.tcp_pcb_remove
                0x0000000008014c44      0x128 ./Middlewares/Third_Party/LwIP/src/core/tcp.o
                0x0000000008014c44                tcp_pcb_remove
 .text.tcp_next_iss
                0x0000000008014d6c       0x4c ./Middlewares/Third_Party/LwIP/src/core/tcp.o
                0x0000000008014d6c                tcp_next_iss
 .text.tcp_eff_send_mss_netif
                0x0000000008014db8       0x74 ./Middlewares/Third_Party/LwIP/src/core/tcp.o
                0x0000000008014db8                tcp_eff_send_mss_netif
 .text.tcp_netif_ip_addr_changed_pcblist
                0x0000000008014e2c       0x64 ./Middlewares/Third_Party/LwIP/src/core/tcp.o
 .text.tcp_netif_ip_addr_changed
                0x0000000008014e90       0x7c ./Middlewares/Third_Party/LwIP/src/core/tcp.o
                0x0000000008014e90                tcp_netif_ip_addr_changed
 .text.tcp_free_ooseq
                0x0000000008014f0c       0x28 ./Middlewares/Third_Party/LwIP/src/core/tcp.o
                0x0000000008014f0c                tcp_free_ooseq
 .text.tcp_input
                0x0000000008014f34      0x818 ./Middlewares/Third_Party/LwIP/src/core/tcp_in.o
                0x0000000008014f34                tcp_input
 .text.tcp_input_delayed_close
                0x000000000801574c       0x80 ./Middlewares/Third_Party/LwIP/src/core/tcp_in.o
 .text.tcp_listen_input
                0x00000000080157cc      0x1fc ./Middlewares/Third_Party/LwIP/src/core/tcp_in.o
 .text.tcp_timewait_input
                0x00000000080159c8       0xf4 ./Middlewares/Third_Party/LwIP/src/core/tcp_in.o
 .text.tcp_process
                0x0000000008015abc      0x7e0 ./Middlewares/Third_Party/LwIP/src/core/tcp_in.o
 .text.tcp_oos_insert_segment
                0x000000000801629c      0x110 ./Middlewares/Third_Party/LwIP/src/core/tcp_in.o
 .text.tcp_free_acked_segments
                0x00000000080163ac       0xf8 ./Middlewares/Third_Party/LwIP/src/core/tcp_in.o
 .text.tcp_receive
                0x00000000080164a4      0xf30 ./Middlewares/Third_Party/LwIP/src/core/tcp_in.o
 .text.tcp_get_next_optbyte
                0x00000000080173d4       0x6c ./Middlewares/Third_Party/LwIP/src/core/tcp_in.o
 .text.tcp_parseopt
                0x0000000008017440       0xec ./Middlewares/Third_Party/LwIP/src/core/tcp_in.o
 .text.tcp_trigger_input_pcb_close
                0x000000000801752c       0x20 ./Middlewares/Third_Party/LwIP/src/core/tcp_in.o
                0x000000000801752c                tcp_trigger_input_pcb_close
 .text.tcp_route
                0x000000000801754c       0x38 ./Middlewares/Third_Party/LwIP/src/core/tcp_out.o
 .text.tcp_create_segment
                0x0000000008017584      0x13c ./Middlewares/Third_Party/LwIP/src/core/tcp_out.o
 .text.tcp_pbuf_prealloc
                0x00000000080176c0       0xf4 ./Middlewares/Third_Party/LwIP/src/core/tcp_out.o
 .text.tcp_write_checks
                0x00000000080177b4       0xf4 ./Middlewares/Third_Party/LwIP/src/core/tcp_out.o
 .text.tcp_write
                0x00000000080178a8      0x6c8 ./Middlewares/Third_Party/LwIP/src/core/tcp_out.o
                0x00000000080178a8                tcp_write
 .text.tcp_split_unsent_seg
                0x0000000008017f70      0x290 ./Middlewares/Third_Party/LwIP/src/core/tcp_out.o
                0x0000000008017f70                tcp_split_unsent_seg
 .text.tcp_send_fin
                0x0000000008018200       0xa0 ./Middlewares/Third_Party/LwIP/src/core/tcp_out.o
                0x0000000008018200                tcp_send_fin
 .text.tcp_enqueue_flags
                0x00000000080182a0      0x1dc ./Middlewares/Third_Party/LwIP/src/core/tcp_out.o