../Core/Src/ethernetif.c:158:6:HAL_ETH_RxCpltCallback	16	static
../Core/Src/ethernetif.c:167:6:HAL_ETH_TxCpltCallback	16	static
../Core/Src/ethernetif.c:176:6:HAL_ETH_ErrorCallback	16	static
../Core/Src/ethernetif.c:198:13:low_level_init	176	static
../Core/Src/ethernetif.c:366:14:low_level_output	80	static
../Core/Src/ethernetif.c:421:22:low_level_input	24	static
../Core/Src/ethernetif.c:442:6:ethernetif_input	24	static
../Core/Src/ethernetif.c:499:7:ethernetif_init	16	static
../Core/Src/ethernetif.c:550:6:pbuf_free_custom	24	static
../Core/Src/ethernetif.c:573:7:sys_jiffies	8	static
../Core/Src/ethernetif.c:584:7:sys_now	8	static
../Core/Src/ethernetif.c:597:6:HAL_ETH_MspInit	64	static
../Core/Src/ethernetif.c:664:6:HAL_ETH_MspDeInit	32	static
../Core/Src/ethernetif.c:715:9:ETH_PHY_IO_Init	8	static
../Core/Src/ethernetif.c:732:9:ETH_PHY_IO_DeInit	4	static
../Core/Src/ethernetif.c:744:9:ETH_PHY_IO_ReadReg	24	static
../Core/Src/ethernetif.c:761:9:ETH_PHY_IO_WriteReg	24	static
../Core/Src/ethernetif.c:775:9:ETH_PHY_IO_GetTick	8	static
../Core/Src/ethernetif.c:784:6:ethernet_link_thread	136	static
../Core/Src/ethernetif.c:854:6:HAL_ETH_RxAllocateCallback	32	static
../Core/Src/ethernetif.c:876:6:HAL_ETH_RxLinkCallback	40	static
../Core/Src/ethernetif.c:916:6:HAL_ETH_TxFreeCallback	16	static
