../Drivers/CMSIS/Include/core_cm33.h:3212:26:ITM_SendChar	16	static,ignoring_inline_asm
../Core/Src/main.c:74:5:_write	32	static
../Core/Src/main.c:91:5:main	8	static
../Core/Src/main.c:148:6:SystemClock_Config	120	static
../Core/Src/main.c:250:13:MX_ICACHE_Init	8	static
../Core/Src/main.c:278:13:MX_LPUART1_UART_Init	8	static
../Core/Src/main.c:325:13:MX_USART3_UART_Init	8	static
../Core/Src/main.c:374:13:MX_GPIO_Init	64	static
../Core/Src/main.c:468:6:HAL_TIM_PeriodElapsedCallback	16	static
../Core/Src/main.c:485:6:Error_Handler	4	static,ignoring_inline_asm
